time="2024-07-17T03:50:43.903960943Z" level=info msg="starting containerd" revision=a3e402334342d109ddeeba2c65187eb3fe9ec83a version=1.7.16+unknown
time="2024-07-17T03:50:43.922425539Z" level=info msg="loading plugin \"io.containerd.event.v1.exchange\"..." type=io.containerd.event.v1
time="2024-07-17T03:50:43.922482053Z" level=info msg="loading plugin \"io.containerd.internal.v1.opt\"..." type=io.containerd.internal.v1
time="2024-07-17T03:50:43.922538494Z" level=info msg="loading plugin \"io.containerd.warning.v1.deprecations\"..." type=io.containerd.warning.v1
time="2024-07-17T03:50:43.922555575Z" level=info msg="loading plugin \"io.containerd.snapshotter.v1.devmapper\"..." type=io.containerd.snapshotter.v1
time="2024-07-17T03:50:43.922614632Z" level=info msg="initializing pool device \"fc-dev-thinpool\""
time="2024-07-17T03:50:43.924545360Z" level=info msg="using dmsetup:\nLibrary version:   1.02.185 (2022-05-18)\nDriver version:    4.47.0"
time="2024-07-17T03:50:43.926473940Z" level=info msg="loading plugin \"io.containerd.snapshotter.v1.overlayfs\"..." type=io.containerd.snapshotter.v1
time="2024-07-17T03:50:43.926612511Z" level=info msg="loading plugin \"io.containerd.content.v1.content\"..." type=io.containerd.content.v1
time="2024-07-17T03:50:43.926637369Z" level=info msg="loading plugin \"io.containerd.metadata.v1.bolt\"..." type=io.containerd.metadata.v1
time="2024-07-17T03:50:43.926655933Z" level=info msg="metadata content store policy set" policy=shared
time="2024-07-17T03:50:43.926816055Z" level=info msg="loading plugin \"io.containerd.gc.v1.scheduler\"..." type=io.containerd.gc.v1
time="2024-07-17T03:50:43.926931450Z" level=info msg="loading plugin \"io.containerd.differ.v1.walking\"..." type=io.containerd.differ.v1
time="2024-07-17T03:50:43.926953369Z" level=info msg="loading plugin \"io.containerd.lease.v1.manager\"..." type=io.containerd.lease.v1
time="2024-07-17T03:50:43.926983498Z" level=info msg="loading plugin \"io.containerd.streaming.v1.manager\"..." type=io.containerd.streaming.v1
time="2024-07-17T03:50:43.927010723Z" level=info msg="loading plugin \"io.containerd.runtime.v1.linux\"..." type=io.containerd.runtime.v1
time="2024-07-17T03:50:43.927064150Z" level=info msg="loading plugin \"io.containerd.monitor.v1.cgroups\"..." type=io.containerd.monitor.v1
time="2024-07-17T03:50:43.927556100Z" level=info msg="loading plugin \"io.containerd.runtime.v2.task\"..." type=io.containerd.runtime.v2
time="2024-07-17T03:50:43.927686446Z" level=debug msg="loading tasks in namespace" namespace=default
time="2024-07-17T03:50:43.927794475Z" level=info msg="loading plugin \"io.containerd.runtime.v2.shim\"..." type=io.containerd.runtime.v2
time="2024-07-17T03:50:43.927841174Z" level=info msg="loading plugin \"io.containerd.sandbox.store.v1.local\"..." type=io.containerd.sandbox.store.v1
time="2024-07-17T03:50:43.927874468Z" level=info msg="loading plugin \"io.containerd.sandbox.controller.v1.local\"..." type=io.containerd.sandbox.controller.v1
time="2024-07-17T03:50:43.927909639Z" level=info msg="loading plugin \"io.containerd.service.v1.containers-service\"..." type=io.containerd.service.v1
time="2024-07-17T03:50:43.927941358Z" level=info msg="loading plugin \"io.containerd.service.v1.content-service\"..." type=io.containerd.service.v1
time="2024-07-17T03:50:43.927982856Z" level=info msg="loading plugin \"io.containerd.service.v1.diff-service\"..." type=io.containerd.service.v1
time="2024-07-17T03:50:43.928016352Z" level=info msg="loading plugin \"io.containerd.service.v1.images-service\"..." type=io.containerd.service.v1
time="2024-07-17T03:50:43.928550180Z" level=info msg="loading plugin \"io.containerd.service.v1.introspection-service\"..." type=io.containerd.service.v1
time="2024-07-17T03:50:43.928603869Z" level=info msg="loading plugin \"io.containerd.service.v1.namespaces-service\"..." type=io.containerd.service.v1
time="2024-07-17T03:50:43.928631741Z" level=info msg="loading plugin \"io.containerd.service.v1.snapshots-service\"..." type=io.containerd.service.v1
time="2024-07-17T03:50:43.928655113Z" level=info msg="loading plugin \"io.containerd.service.v1.tasks-service\"..." type=io.containerd.service.v1
time="2024-07-17T03:50:43.928691595Z" level=debug msg="No blockio config file specified, blockio not configured"
time="2024-07-17T03:50:43.928704618Z" level=debug msg="No RDT config file specified, RDT not configured"
time="2024-07-17T03:50:43.928721433Z" level=info msg="loading plugin \"io.containerd.service.v1.fc-control\"..." type=io.containerd.service.v1
time="2024-07-17T03:50:43.928739445Z" level=debug msg="initializing fc-control plugin (root: \"/var/lib/firecracker-containerd/containerd/io.containerd.service.v1.fc-control\")"
time="2024-07-17T03:50:43.929131832Z" level=info msg="loading plugin \"io.containerd.grpc.v1.containers\"..." type=io.containerd.grpc.v1
time="2024-07-17T03:50:43.929152221Z" level=info msg="loading plugin \"io.containerd.grpc.v1.content\"..." type=io.containerd.grpc.v1
time="2024-07-17T03:50:43.929166642Z" level=info msg="loading plugin \"io.containerd.grpc.v1.diff\"..." type=io.containerd.grpc.v1
time="2024-07-17T03:50:43.929180284Z" level=info msg="loading plugin \"io.containerd.grpc.v1.events\"..." type=io.containerd.grpc.v1
time="2024-07-17T03:50:43.929193114Z" level=info msg="loading plugin \"io.containerd.grpc.v1.images\"..." type=io.containerd.grpc.v1
time="2024-07-17T03:50:43.929206660Z" level=info msg="loading plugin \"io.containerd.grpc.v1.introspection\"..." type=io.containerd.grpc.v1
time="2024-07-17T03:50:43.929219801Z" level=info msg="loading plugin \"io.containerd.grpc.v1.leases\"..." type=io.containerd.grpc.v1
time="2024-07-17T03:50:43.929233560Z" level=info msg="loading plugin \"io.containerd.grpc.v1.namespaces\"..." type=io.containerd.grpc.v1
time="2024-07-17T03:50:43.929246609Z" level=info msg="loading plugin \"io.containerd.grpc.v1.sandbox-controllers\"..." type=io.containerd.grpc.v1
time="2024-07-17T03:50:43.929273378Z" level=info msg="loading plugin \"io.containerd.grpc.v1.sandboxes\"..." type=io.containerd.grpc.v1
time="2024-07-17T03:50:43.929286790Z" level=info msg="loading plugin \"io.containerd.grpc.v1.snapshots\"..." type=io.containerd.grpc.v1
time="2024-07-17T03:50:43.929300001Z" level=info msg="loading plugin \"io.containerd.grpc.v1.streaming\"..." type=io.containerd.grpc.v1
time="2024-07-17T03:50:43.929313716Z" level=info msg="loading plugin \"io.containerd.grpc.v1.tasks\"..." type=io.containerd.grpc.v1
time="2024-07-17T03:50:43.929329492Z" level=info msg="loading plugin \"io.containerd.transfer.v1.local\"..." type=io.containerd.transfer.v1
time="2024-07-17T03:50:43.929352641Z" level=info msg="loading plugin \"io.containerd.grpc.v1.transfer\"..." type=io.containerd.grpc.v1
time="2024-07-17T03:50:43.929365825Z" level=info msg="loading plugin \"io.containerd.grpc.v1.version\"..." type=io.containerd.grpc.v1
time="2024-07-17T03:50:43.929377606Z" level=info msg="loading plugin \"io.containerd.internal.v1.restart\"..." type=io.containerd.internal.v1
time="2024-07-17T03:50:43.929427801Z" level=info msg="loading plugin \"io.containerd.grpc.v1.fc-control-service\"..." type=io.containerd.grpc.v1
time="2024-07-17T03:50:43.929452269Z" level=debug msg="initializing fc-control-service plugin"
time="2024-07-17T03:50:43.929466568Z" level=info msg="loading plugin \"io.containerd.grpc.v1.healthcheck\"..." type=io.containerd.grpc.v1
time="2024-07-17T03:50:43.929480008Z" level=info msg="loading plugin \"io.containerd.nri.v1.nri\"..." type=io.containerd.nri.v1
time="2024-07-17T03:50:43.929495168Z" level=info msg="NRI interface is disabled by configuration."
time="2024-07-17T03:50:43.929746004Z" level=info msg=serving... address=/run/firecracker-containerd/containerd.sock.ttrpc
time="2024-07-17T03:50:43.929816541Z" level=info msg=serving... address=/run/firecracker-containerd/containerd.sock
time="2024-07-17T03:50:43.929848879Z" level=debug msg="sd notification" notified=false state="READY=1"
time="2024-07-17T03:50:43.929877992Z" level=info msg="containerd successfully booted in 0.026723s"
time="2024-07-17T03:51:00.344780085Z" level=debug msg="stat snapshot" key="sha256:15bb10f9bb3af155537c0f594b736881ca625d0e9bcd6f948588f78aec30a710"
time="2024-07-17T03:51:00.344837777Z" level=debug msg=stat key="default/2/sha256:15bb10f9bb3af155537c0f594b736881ca625d0e9bcd6f948588f78aec30a710"
time="2024-07-17T03:51:00.350433356Z" level=debug msg="prepare snapshot" key=test parent="sha256:15bb10f9bb3af155537c0f594b736881ca625d0e9bcd6f948588f78aec30a710"
time="2024-07-17T03:51:00.350553822Z" level=debug msg=prepare key=default/4/test parent="default/2/sha256:15bb10f9bb3af155537c0f594b736881ca625d0e9bcd6f948588f78aec30a710"
time="2024-07-17T03:51:00.350606770Z" level=debug msg="creating snapshot device 'fc-dev-thinpool-snap-3' from 'fc-dev-thinpool-snap-1' with fsType: 'ext4'"
time="2024-07-17T03:51:00.428703731Z" level=debug msg="get snapshot mounts" key=test
time="2024-07-17T03:51:00.428745905Z" level=debug msg=mounts key=default/4/test
time="2024-07-17T03:51:00.428765389Z" level=debug msg=stat key=default/4/test
time="2024-07-17T03:51:00.437668376Z" level=debug msg="get snapshot mounts" key=test
time="2024-07-17T03:51:00.437719497Z" level=debug msg=mounts key=default/4/test
time="2024-07-17T03:51:00.437755348Z" level=debug msg=stat key=default/4/test
time="2024-07-17T03:51:00.454910170Z" level=debug msg=StartShim runtime=aws.firecracker task_id=test
time="2024-07-17T03:51:00.456669322Z" level=debug msg="create VM request: VMID:\"e43b80c6-0176-4692-aab2-46e563db2d53\" ContainerCount:1 ExitAfterAllTasksDeleted:true"
time="2024-07-17T03:51:00.456717380Z" level=debug msg="using namespace: default"
time="2024-07-17T03:51:00.457043611Z" level=debug msg="starting containerd-shim-aws-firecracker" vmID=e43b80c6-0176-4692-aab2-46e563db2d53
time="2024-07-17T03:51:00.470816541Z" level=info msg="loading plugin \"io.containerd.warning.v1.deprecations\"..." runtime=aws.firecracker type=io.containerd.warning.v1
time="2024-07-17T03:51:00.470927922Z" level=info msg="loading plugin \"io.containerd.service.v1.introspection-service\"..." runtime=aws.firecracker type=io.containerd.service.v1
time="2024-07-17T03:51:00.470974594Z" level=info msg="loading plugin \"io.containerd.grpc.v1.introspection\"..." runtime=aws.firecracker type=io.containerd.grpc.v1
time="2024-07-17T03:51:00.471003677Z" level=info msg="loading plugin \"io.containerd.event.v1.publisher\"..." runtime=aws.firecracker type=io.containerd.event.v1
time="2024-07-17T03:51:00.471030253Z" level=info msg="loading plugin \"io.containerd.ttrpc.v1.task\"..." runtime=aws.firecracker type=io.containerd.ttrpc.v1
time="2024-07-17T03:51:00.471054931Z" level=debug msg="registering ttrpc service" id=io.containerd.ttrpc.v1.task
time="2024-07-17T03:51:00.471077727Z" level=info msg="loading plugin \"io.containerd.internal.v1.shutdown\"..." runtime=aws.firecracker type=io.containerd.internal.v1
time="2024-07-17T03:51:00.471478275Z" level=debug msg="serving api on socket" socket="[inherited from parent]"
time="2024-07-17T03:51:00.471507230Z" level=debug msg="starting signal loop" namespace=default path="/var/lib/firecracker-containerd/shim-base/default#e43b80c6-0176-4692-aab2-46e563db2d53" pid=7082 runtime=aws.firecracker
time="2024-07-17T03:51:00.471937876Z" level=info msg="creating new VM" runtime=aws.firecracker vmID=e43b80c6-0176-4692-aab2-46e563db2d53
time="2024-07-17T03:51:00.472077791Z" level=debug msg="noop operation returning shim dir for JailPath" jailer=noop runtime=aws.firecracker vmID=e43b80c6-0176-4692-aab2-46e563db2d53
time="2024-07-17T03:51:00.472506242Z" level=debug msg="using socket path: firecracker.sock" runtime=aws.firecracker vmID=e43b80c6-0176-4692-aab2-46e563db2d53
time="2024-07-17T03:51:00.472523485Z" level=debug msg="noop operation returning shim dir for JailPath" jailer=noop runtime=aws.firecracker vmID=e43b80c6-0176-4692-aab2-46e563db2d53
time="2024-07-17T03:51:00.472576123Z" level=debug msg="noop operation for StubDrivesOptions" jailer=noop runtime=aws.firecracker vmID=e43b80c6-0176-4692-aab2-46e563db2d53
time="2024-07-17T03:51:00.472593808Z" level=debug msg="noop operation returning shim dir for JailPath" jailer=noop runtime=aws.firecracker vmID=e43b80c6-0176-4692-aab2-46e563db2d53
time="2024-07-17T03:51:00.472625621Z" level=debug msg="noop operation for BuildJailedMachine" jailer=noop runtime=aws.firecracker vmID=e43b80c6-0176-4692-aab2-46e563db2d53
time="2024-07-17T03:51:00.472635743Z" level=debug msg="No balloon device is setup" runtime=aws.firecracker vmID=e43b80c6-0176-4692-aab2-46e563db2d53
time="2024-07-17T03:51:00.472684114Z" level=debug msg="Called NewMachine()" runtime=aws.firecracker
time="2024-07-17T03:51:00.472692559Z" level=debug msg="Called Machine.Start()" runtime=aws.firecracker
time="2024-07-17T03:51:00.472698902Z" level=debug msg="Marking Machine as Started" runtime=aws.firecracker
time="2024-07-17T03:51:00.472706598Z" level=debug msg="Running handler validate.NetworkCfg" runtime=aws.firecracker
time="2024-07-17T03:51:00.472723341Z" level=debug msg="Running handler validate.Cfg" runtime=aws.firecracker
time="2024-07-17T03:51:00.472743801Z" level=debug msg="Running handler fcinit.SetupNetwork" runtime=aws.firecracker
time="2024-07-17T03:51:00.569325772Z" level=debug msg="Running handler fcinit.SetupKernelArgs" runtime=aws.firecracker
time="2024-07-17T03:51:00.569398334Z" level=debug msg="Running handler fcinit.StartVMM" runtime=aws.firecracker
time="2024-07-17T03:51:00.569408134Z" level=info msg="Called startVMM(), setting up a VMM on firecracker.sock" runtime=aws.firecracker
time="2024-07-17T03:51:00.569427575Z" level=debug msg="Starting [/usr/local/bin/firecracker --api-sock firecracker.sock --id e43b80c6-0176-4692-aab2-46e563db2d53]" runtime=aws.firecracker
time="2024-07-17T03:51:00.569728786Z" level=debug msg="VMM started socket path is firecracker.sock" runtime=aws.firecracker
time="2024-07-17T03:51:00.569756558Z" level=debug msg="Setting up signal handler: [interrupt quit terminated hangup aborted]" runtime=aws.firecracker
time="2024-07-17T03:51:00.580926071Z" level=debug msg="returning from startVMM()" runtime=aws.firecracker
time="2024-07-17T03:51:00.580956211Z" level=debug msg="Running handler fcinit.CreateLogFilesHandler" runtime=aws.firecracker
time="2024-07-17T03:51:00.581019539Z" level=debug msg="Created metrics and logging fifos." runtime=aws.firecracker
time="2024-07-17T03:51:00.581029894Z" level=debug msg="Running handler fcinit.BootstrapLogging" runtime=aws.firecracker
time="2024-07-17T03:51:00.581712177Z" level=debug msg="Configured VMM logging to /var/lib/firecracker-containerd/shim-base/default#e43b80c6-0176-4692-aab2-46e563db2d53/fc-logs.fifo" runtime=aws.firecracker
time="2024-07-17T03:51:00.581944827Z" level=debug msg="Configured VMM metrics to /var/lib/firecracker-containerd/shim-base/default#e43b80c6-0176-4692-aab2-46e563db2d53/fc-metrics.fifo" runtime=aws.firecracker
time="2024-07-17T03:51:00.581963027Z" level=debug msg="setup logging: success" runtime=aws.firecracker
time="2024-07-17T03:51:00.581971279Z" level=debug msg="Running handler fcinit.CreateMachine" runtime=aws.firecracker
time="2024-07-17T03:51:00.582142436Z" level=debug msg="PutMachineConfiguration returned" runtime=aws.firecracker
time="2024-07-17T03:51:00.582382027Z" level=info msg="refreshMachineConfiguration: [GET /machine-config][200] getMachineConfigurationOK  &{CPUTemplate:T2 MemSizeMib:0xc000014578 Smt:0xc000014583 TrackDirtyPages:false VcpuCount:0xc000014570}" runtime=aws.firecracker
time="2024-07-17T03:51:00.582400602Z" level=debug msg="createMachine returning" runtime=aws.firecracker
time="2024-07-17T03:51:00.582410630Z" level=debug msg="Running handler fcinit.CreateBootSource" runtime=aws.firecracker
time="2024-07-17T03:51:00.582611820Z" level=info msg="PutGuestBootSource: [PUT /boot-source][204] putGuestBootSourceNoContent " runtime=aws.firecracker
time="2024-07-17T03:51:00.582624384Z" level=debug msg="Running handler fcinit.AttachDrives" runtime=aws.firecracker
time="2024-07-17T03:51:00.582633408Z" level=info msg="Attaching drive /var/lib/firecracker-containerd/runtime/default-rootfs.img, slot root_drive, root true." runtime=aws.firecracker
time="2024-07-17T03:51:00.582919953Z" level=info msg="Attached drive /var/lib/firecracker-containerd/runtime/default-rootfs.img: [PUT /drives/{drive_id}][204] putGuestDriveByIdNoContent " runtime=aws.firecracker
time="2024-07-17T03:51:00.582938935Z" level=debug msg="attachDrive returned for /var/lib/firecracker-containerd/runtime/default-rootfs.img" runtime=aws.firecracker
time="2024-07-17T03:51:00.582949360Z" level=info msg="Attaching drive /var/lib/firecracker-containerd/shim-base/default#e43b80c6-0176-4692-aab2-46e563db2d53/ctrstub0, slot MN2HE43UOVRDA, root false." runtime=aws.firecracker
time="2024-07-17T03:51:00.583147350Z" level=info msg="Attached drive /var/lib/firecracker-containerd/shim-base/default#e43b80c6-0176-4692-aab2-46e563db2d53/ctrstub0: [PUT /drives/{drive_id}][204] putGuestDriveByIdNoContent " runtime=aws.firecracker
time="2024-07-17T03:51:00.583165754Z" level=debug msg="attachDrive returned for /var/lib/firecracker-containerd/shim-base/default#e43b80c6-0176-4692-aab2-46e563db2d53/ctrstub0" runtime=aws.firecracker
time="2024-07-17T03:51:00.583179594Z" level=debug msg="Running handler fcinit.CreateNetworkInterfaces" runtime=aws.firecracker
time="2024-07-17T03:51:00.583192767Z" level=info msg="Attaching NIC tap0 (hwaddr e6:2e:71:15:4e:94) at index 1" runtime=aws.firecracker
time="2024-07-17T03:51:00.583951778Z" level=debug msg="PutGuestNetworkInterfaceByID: [PUT /network-interfaces/{iface_id}][204] putGuestNetworkInterfaceByIdNoContent " runtime=aws.firecracker
time="2024-07-17T03:51:00.583969098Z" level=debug msg="createNetworkInterface returned for tap0" runtime=aws.firecracker
time="2024-07-17T03:51:00.583976748Z" level=debug msg="Running handler fcinit.AddVsocks" runtime=aws.firecracker
time="2024-07-17T03:51:00.584249902Z" level=debug msg="Attach vsock firecracker.vsock successful: [PUT /vsock][204] putGuestVsockNoContent " runtime=aws.firecracker
time="2024-07-17T03:51:00.584266885Z" level=debug msg="Running handler fcinit.ConfigMmds" runtime=aws.firecracker
time="2024-07-17T03:51:00.584274876Z" level=info msg="No interfaces are allowed to access MMDS, skipping MMDS config" runtime=aws.firecracker
time="2024-07-17T03:51:00.584282095Z" level=debug msg="Running handler firecracker-containerd-jail-pid-handler" runtime=aws.firecracker
time="2024-07-17T03:51:00.614175187Z" level=info msg="startInstance successful: [PUT /actions][204] createSyncActionNoContent " runtime=aws.firecracker
time="2024-07-17T03:51:00.614214478Z" level=info msg="calling agent" runtime=aws.firecracker vmID=e43b80c6-0176-4692-aab2-46e563db2d53
time="2024-07-17T03:51:00.642042896Z" level=debug msg="[    0.000000] Linux version 4.14.174 (@57edebb99db7) (gcc version 7.5.0 (Ubuntu 7.5.0-3ubuntu1~18.04)) #2 SMP Wed Jul 14 11:47:24 UTC 2021" jailer=noop runtime=aws.firecracker vmID=e43b80c6-0176-4692-aab2-46e563db2d53 vmm_stream=stdout
time="2024-07-17T03:51:00.647154530Z" level=debug msg="[    0.000000] Command line: systemd.unit=firecracker.target ip=192.168.1.3::192.168.1.1:255.255.255.0:::off::: console=ttyS0 noapic reboot=k ro systemd.journald.forward_to_console init=/sbin/overlay-init panic=1 pci=off nomodules systemd.unified_cgroup_hierarchy=0 root=/dev/vda ro virtio_mmio.device=4K@0xd0000000:5 virtio_mmio.device=4K@0xd0001000:6 virtio_mmio.device=4K@0xd0002000:7 virtio_mmio.device=4K@0xd0003000:8" jailer=noop runtime=aws.firecracker vmID=e43b80c6-0176-4692-aab2-46e563db2d53 vmm_stream=stdout
time="2024-07-17T03:51:00.648274960Z" level=debug msg="[    0.000000] x86/fpu: Supporting XSAVE feature 0x001: 'x87 floating point registers'" jailer=noop runtime=aws.firecracker vmID=e43b80c6-0176-4692-aab2-46e563db2d53 vmm_stream=stdout
time="2024-07-17T03:51:00.649113164Z" level=debug msg="[    0.000000] x86/fpu: Supporting XSAVE feature 0x002: 'SSE registers'" jailer=noop runtime=aws.firecracker vmID=e43b80c6-0176-4692-aab2-46e563db2d53 vmm_stream=stdout
time="2024-07-17T03:51:00.650054248Z" level=debug msg="[    0.000000] x86/fpu: Supporting XSAVE feature 0x004: 'AVX registers'" jailer=noop runtime=aws.firecracker vmID=e43b80c6-0176-4692-aab2-46e563db2d53 vmm_stream=stdout
time="2024-07-17T03:51:00.650852476Z" level=debug msg="[    0.000000] x86/fpu: xstate_offset[2]:  576, xstate_sizes[2]:  256" jailer=noop runtime=aws.firecracker vmID=e43b80c6-0176-4692-aab2-46e563db2d53 vmm_stream=stdout
time="2024-07-17T03:51:00.652172125Z" level=debug msg="[    0.000000] x86/fpu: Enabled xstate features 0x7, context size is 832 bytes, using 'standard' format." jailer=noop runtime=aws.firecracker vmID=e43b80c6-0176-4692-aab2-46e563db2d53 vmm_stream=stdout
time="2024-07-17T03:51:00.652846810Z" level=debug msg="[    0.000000] e820: BIOS-provided physical RAM map:" jailer=noop runtime=aws.firecracker vmID=e43b80c6-0176-4692-aab2-46e563db2d53 vmm_stream=stdout
time="2024-07-17T03:51:00.653805043Z" level=debug msg="[    0.000000] BIOS-e820: [mem 0x0000000000000000-0x000000000009fbff] usable" jailer=noop runtime=aws.firecracker vmID=e43b80c6-0176-4692-aab2-46e563db2d53 vmm_stream=stdout
time="2024-07-17T03:51:00.654757729Z" level=debug msg="[    0.000000] BIOS-e820: [mem 0x0000000000100000-0x0000000007ffffff] usable" jailer=noop runtime=aws.firecracker vmID=e43b80c6-0176-4692-aab2-46e563db2d53 vmm_stream=stdout
time="2024-07-17T03:51:00.655480502Z" level=debug msg="[    0.000000] NX (Execute Disable) protection: active" jailer=noop runtime=aws.firecracker vmID=e43b80c6-0176-4692-aab2-46e563db2d53 vmm_stream=stdout
time="2024-07-17T03:51:00.656067481Z" level=debug msg="[    0.000000] DMI not present or invalid." jailer=noop runtime=aws.firecracker vmID=e43b80c6-0176-4692-aab2-46e563db2d53 vmm_stream=stdout
time="2024-07-17T03:51:00.656594859Z" level=debug msg="[    0.000000] Hypervisor detected: KVM" jailer=noop runtime=aws.firecracker vmID=e43b80c6-0176-4692-aab2-46e563db2d53 vmm_stream=stdout
time="2024-07-17T03:51:00.657271553Z" level=debug msg="[    0.000000] tsc: Fast TSC calibration using PIT" jailer=noop runtime=aws.firecracker vmID=e43b80c6-0176-4692-aab2-46e563db2d53 vmm_stream=stdout
time="2024-07-17T03:51:00.658147584Z" level=debug msg="[    0.000000] e820: last_pfn = 0x8000 max_arch_pfn = 0x400000000" jailer=noop runtime=aws.firecracker vmID=e43b80c6-0176-4692-aab2-46e563db2d53 vmm_stream=stdout
time="2024-07-17T03:51:00.658565336Z" level=debug msg="[    0.000000] MTRR: Disabled" jailer=noop runtime=aws.firecracker vmID=e43b80c6-0176-4692-aab2-46e563db2d53 vmm_stream=stdout
time="2024-07-17T03:51:00.659511111Z" level=debug msg="[    0.000000] x86/PAT: MTRRs disabled, skipping PAT initialization too." jailer=noop runtime=aws.firecracker vmID=e43b80c6-0176-4692-aab2-46e563db2d53 vmm_stream=stdout
time="2024-07-17T03:51:00.660245559Z" level=debug msg="[    0.000000] CPU MTRRs all blank - virtualized system." jailer=noop runtime=aws.firecracker vmID=e43b80c6-0176-4692-aab2-46e563db2d53 vmm_stream=stdout
time="2024-07-17T03:51:00.661259347Z" level=debug msg="[    0.000000] x86/PAT: Configuration [0-7]: WB  WT  UC- UC  WB  WT  UC- UC  " jailer=noop runtime=aws.firecracker vmID=e43b80c6-0176-4692-aab2-46e563db2d53 vmm_stream=stdout
time="2024-07-17T03:51:00.661988577Z" level=debug msg="[    0.000000] found SMP MP-table at [mem 0x0009fc00-0x0009fc0f]" jailer=noop runtime=aws.firecracker vmID=e43b80c6-0176-4692-aab2-46e563db2d53 vmm_stream=stdout
time="2024-07-17T03:51:00.662757569Z" level=debug msg="[    0.000000] Scanning 1 areas for low memory corruption" jailer=noop runtime=aws.firecracker vmID=e43b80c6-0176-4692-aab2-46e563db2d53 vmm_stream=stdout
time="2024-07-17T03:51:00.663345031Z" level=debug msg="[    0.000000] No NUMA configuration found" jailer=noop runtime=aws.firecracker vmID=e43b80c6-0176-4692-aab2-46e563db2d53 vmm_stream=stdout
time="2024-07-17T03:51:00.664342706Z" level=debug msg="[    0.000000] Faking a node at [mem 0x0000000000000000-0x0000000007ffffff]" jailer=noop runtime=aws.firecracker vmID=e43b80c6-0176-4692-aab2-46e563db2d53 vmm_stream=stdout
time="2024-07-17T03:51:00.665158813Z" level=debug msg="[    0.000000] NODE_DATA(0) allocated [mem 0x07fde000-0x07ffffff]" jailer=noop runtime=aws.firecracker vmID=e43b80c6-0176-4692-aab2-46e563db2d53 vmm_stream=stdout
time="2024-07-17T03:51:00.665903599Z" level=debug msg="[    0.000000] kvm-clock: Using msrs 4b564d01 and 4b564d00" jailer=noop runtime=aws.firecracker vmID=e43b80c6-0176-4692-aab2-46e563db2d53 vmm_stream=stdout
time="2024-07-17T03:51:00.666771850Z" level=debug msg="[    0.000000] kvm-clock: cpu 0, msr 0:7fdc001, primary cpu clock" jailer=noop runtime=aws.firecracker vmID=e43b80c6-0176-4692-aab2-46e563db2d53 vmm_stream=stdout
time="2024-07-17T03:51:00.667601234Z" level=debug msg="[    0.000000] kvm-clock: using sched offset of 41369639 cycles" jailer=noop runtime=aws.firecracker vmID=e43b80c6-0176-4692-aab2-46e563db2d53 vmm_stream=stdout
time="2024-07-17T03:51:00.669138849Z" level=debug msg="[    0.000000] clocksource: kvm-clock: mask: 0xffffffffffffffff max_cycles: 0x1cd42e4dffb, max_idle_ns: 881590591483 ns" jailer=noop runtime=aws.firecracker vmID=e43b80c6-0176-4692-aab2-46e563db2d53 vmm_stream=stdout
time="2024-07-17T03:51:00.669507147Z" level=debug msg="[    0.000000] Zone ranges:" jailer=noop runtime=aws.firecracker vmID=e43b80c6-0176-4692-aab2-46e563db2d53 vmm_stream=stdout
time="2024-07-17T03:51:00.670356315Z" level=debug msg="[    0.000000]   DMA      [mem 0x0000000000001000-0x0000000000ffffff]" jailer=noop runtime=aws.firecracker vmID=e43b80c6-0176-4692-aab2-46e563db2d53 vmm_stream=stdout
time="2024-07-17T03:51:00.671133779Z" level=debug msg="[    0.000000]   DMA32    [mem 0x0000000001000000-0x0000000007ffffff]" jailer=noop runtime=aws.firecracker vmID=e43b80c6-0176-4692-aab2-46e563db2d53 vmm_stream=stdout
time="2024-07-17T03:51:00.671506909Z" level=debug msg="[    0.000000]   Normal   empty" jailer=noop runtime=aws.firecracker vmID=e43b80c6-0176-4692-aab2-46e563db2d53 vmm_stream=stdout
time="2024-07-17T03:51:00.672146694Z" level=debug msg="[    0.000000] Movable zone start for each node" jailer=noop runtime=aws.firecracker vmID=e43b80c6-0176-4692-aab2-46e563db2d53 vmm_stream=stdout
time="2024-07-17T03:51:00.672598327Z" level=debug msg="[    0.000000] Early memory node ranges" jailer=noop runtime=aws.firecracker vmID=e43b80c6-0176-4692-aab2-46e563db2d53 vmm_stream=stdout
time="2024-07-17T03:51:00.673545337Z" level=debug msg="[    0.000000]   node   0: [mem 0x0000000000001000-0x000000000009efff]" jailer=noop runtime=aws.firecracker vmID=e43b80c6-0176-4692-aab2-46e563db2d53 vmm_stream=stdout
time="2024-07-17T03:51:00.674463166Z" level=debug msg="[    0.000000]   node   0: [mem 0x0000000000100000-0x0000000007ffffff]" jailer=noop runtime=aws.firecracker vmID=e43b80c6-0176-4692-aab2-46e563db2d53 vmm_stream=stdout
time="2024-07-17T03:51:00.675416168Z" level=debug msg="[    0.000000] Initmem setup node 0 [mem 0x0000000000001000-0x0000000007ffffff]" jailer=noop runtime=aws.firecracker vmID=e43b80c6-0176-4692-aab2-46e563db2d53 vmm_stream=stdout
time="2024-07-17T03:51:00.676142738Z" level=debug msg="[    0.000000] Intel MultiProcessor Specification v1.4" jailer=noop runtime=aws.firecracker vmID=e43b80c6-0176-4692-aab2-46e563db2d53 vmm_stream=stdout
time="2024-07-17T03:51:00.676654134Z" level=debug msg="[    0.000000] MPTABLE: OEM ID: FC      " jailer=noop runtime=aws.firecracker vmID=e43b80c6-0176-4692-aab2-46e563db2d53 vmm_stream=stdout
time="2024-07-17T03:51:00.677309921Z" level=debug msg="[    0.000000] MPTABLE: Product ID: 000000000000" jailer=noop runtime=aws.firecracker vmID=e43b80c6-0176-4692-aab2-46e563db2d53 vmm_stream=stdout
time="2024-07-17T03:51:00.677903279Z" level=debug msg="[    0.000000] MPTABLE: APIC at: 0xFEE00000" jailer=noop runtime=aws.firecracker vmID=e43b80c6-0176-4692-aab2-46e563db2d53 vmm_stream=stdout
time="2024-07-17T03:51:00.678450991Z" level=debug msg="[    0.000000] Processor #0 (Bootup-CPU)" jailer=noop runtime=aws.firecracker vmID=e43b80c6-0176-4692-aab2-46e563db2d53 vmm_stream=stdout
time="2024-07-17T03:51:00.679409777Z" level=debug msg="[    0.000000] IOAPIC[0]: apic_id 2, version 17, address 0xfec00000, GSI 0-23" jailer=noop runtime=aws.firecracker vmID=e43b80c6-0176-4692-aab2-46e563db2d53 vmm_stream=stdout
time="2024-07-17T03:51:00.679796566Z" level=debug msg="[    0.000000] Processors: 1" jailer=noop runtime=aws.firecracker vmID=e43b80c6-0176-4692-aab2-46e563db2d53 vmm_stream=stdout
time="2024-07-17T03:51:00.680489771Z" level=debug msg="[    0.000000] smpboot: Allowing 1 CPUs, 0 hotplug CPUs" jailer=noop runtime=aws.firecracker vmID=e43b80c6-0176-4692-aab2-46e563db2d53 vmm_stream=stdout
time="2024-07-17T03:51:00.681383719Z" level=debug msg="[    0.000000] PM: Registered nosave memory: [mem 0x00000000-0x00000fff]" jailer=noop runtime=aws.firecracker vmID=e43b80c6-0176-4692-aab2-46e563db2d53 vmm_stream=stdout
time="2024-07-17T03:51:00.682316186Z" level=debug msg="[    0.000000] PM: Registered nosave memory: [mem 0x0009f000-0x000fffff]" jailer=noop runtime=aws.firecracker vmID=e43b80c6-0176-4692-aab2-46e563db2d53 vmm_stream=stdout
time="2024-07-17T03:51:00.683274146Z" level=debug msg="[    0.000000] e820: [mem 0x08000000-0xffffffff] available for PCI devices" jailer=noop runtime=aws.firecracker vmID=e43b80c6-0176-4692-aab2-46e563db2d53 vmm_stream=stdout
time="2024-07-17T03:51:00.683935843Z" level=debug msg="[    0.000000] Booting paravirtualized kernel on KVM" jailer=noop runtime=aws.firecracker vmID=e43b80c6-0176-4692-aab2-46e563db2d53 vmm_stream=stdout
time="2024-07-17T03:51:00.685382981Z" level=debug msg="[    0.000000] clocksource: refined-jiffies: mask: 0xffffffff max_cycles: 0xffffffff, max_idle_ns: 7645519600211568 ns" jailer=noop runtime=aws.firecracker vmID=e43b80c6-0176-4692-aab2-46e563db2d53 vmm_stream=stdout
time="2024-07-17T03:51:00.686581765Z" level=debug msg="[    0.000000] random: get_random_bytes called from start_kernel+0x94/0x486 with crng_init=0" jailer=noop runtime=aws.firecracker vmID=e43b80c6-0176-4692-aab2-46e563db2d53 vmm_stream=stdout
time="2024-07-17T03:51:00.687722457Z" level=debug msg="[    0.000000] setup_percpu: NR_CPUS:128 nr_cpumask_bits:128 nr_cpu_ids:1 nr_node_ids:1" jailer=noop runtime=aws.firecracker vmID=e43b80c6-0176-4692-aab2-46e563db2d53 vmm_stream=stdout
time="2024-07-17T03:51:00.688632906Z" level=debug msg="[    0.000000] percpu: Embedded 41 pages/cpu s128600 r8192 d31144 u2097152" jailer=noop runtime=aws.firecracker vmID=e43b80c6-0176-4692-aab2-46e563db2d53 vmm_stream=stdout
time="2024-07-17T03:51:00.689217577Z" level=debug msg="[    0.000000] KVM setup async PF for cpu 0" jailer=noop runtime=aws.firecracker vmID=e43b80c6-0176-4692-aab2-46e563db2d53 vmm_stream=stdout
time="2024-07-17T03:51:00.689884250Z" level=debug msg="[    0.000000] kvm-stealtime: cpu 0, msr 7c15040" jailer=noop runtime=aws.firecracker vmID=e43b80c6-0176-4692-aab2-46e563db2d53 vmm_stream=stdout
time="2024-07-17T03:51:00.690827888Z" level=debug msg="[    0.000000] PV qspinlock hash table entries: 256 (order: 0, 4096 bytes)" jailer=noop runtime=aws.firecracker vmID=e43b80c6-0176-4692-aab2-46e563db2d53 vmm_stream=stdout
time="2024-07-17T03:51:00.691808542Z" level=debug msg="[    0.000000] Built 1 zonelists, mobility grouping on.  Total pages: 32137" jailer=noop runtime=aws.firecracker vmID=e43b80c6-0176-4692-aab2-46e563db2d53 vmm_stream=stdout
time="2024-07-17T03:51:00.692257986Z" level=debug msg="[    0.000000] Policy zone: DMA32" jailer=noop runtime=aws.firecracker vmID=e43b80c6-0176-4692-aab2-46e563db2d53 vmm_stream=stdout
time="2024-07-17T03:51:00.697662104Z" level=debug msg="[    0.000000] Kernel command line: systemd.unit=firecracker.target ip=192.168.1.3::192.168.1.1:255.255.255.0:::off::: console=ttyS0 noapic reboot=k ro systemd.journald.forward_to_console init=/sbin/overlay-init panic=1 pci=off nomodules systemd.unified_cgroup_hierarchy=0 root=/dev/vda ro virtio_mmio.device=4K@0xd0000000:5 virtio_mmio.device=4K@0xd0001000:6 virtio_mmio.device=4K@0xd0002000:7 virtio_mmio.device=4K@0xd0003000:8" jailer=noop runtime=aws.firecracker vmID=e43b80c6-0176-4692-aab2-46e563db2d53 vmm_stream=stdout
time="2024-07-17T03:51:00.698535986Z" level=debug msg="[    0.000000] PID hash table entries: 512 (order: 0, 4096 bytes)" jailer=noop runtime=aws.firecracker vmID=e43b80c6-0176-4692-aab2-46e563db2d53 vmm_stream=stdout
time="2024-07-17T03:51:00.700528365Z" level=debug msg="[    0.000000] Memory: 111016K/130680K available (8204K kernel code, 645K rwdata, 1480K rodata, 1324K init, 2792K bss, 19664K reserved, 0K cma-reserved)" jailer=noop runtime=aws.firecracker vmID=e43b80c6-0176-4692-aab2-46e563db2d53 vmm_stream=stdout
time="2024-07-17T03:51:00.701507721Z" level=debug msg="[    0.000000] SLUB: HWalign=64, Order=0-3, MinObjects=0, CPUs=1, Nodes=1" jailer=noop runtime=aws.firecracker vmID=e43b80c6-0176-4692-aab2-46e563db2d53 vmm_stream=stdout
time="2024-07-17T03:51:00.702328102Z" level=debug msg="[    0.000000] Kernel/User page tables isolation: enabled" jailer=noop runtime=aws.firecracker vmID=e43b80c6-0176-4692-aab2-46e563db2d53 vmm_stream=stdout
time="2024-07-17T03:51:00.702968141Z" level=debug msg="[    0.004000] Hierarchical RCU implementation." jailer=noop runtime=aws.firecracker vmID=e43b80c6-0176-4692-aab2-46e563db2d53 vmm_stream=stdout
time="2024-07-17T03:51:00.703959411Z" level=debug msg="[    0.004000] \tRCU restricting CPUs from NR_CPUS=128 to nr_cpu_ids=1." jailer=noop runtime=aws.firecracker vmID=e43b80c6-0176-4692-aab2-46e563db2d53 vmm_stream=stdout
time="2024-07-17T03:51:00.704867106Z" level=debug msg="[    0.004000] RCU: Adjusting geometry for rcu_fanout_leaf=16, nr_cpu_ids=1" jailer=noop runtime=aws.firecracker vmID=e43b80c6-0176-4692-aab2-46e563db2d53 vmm_stream=stdout
time="2024-07-17T03:51:00.705692215Z" level=debug msg="[    0.004000] NR_IRQS: 4352, nr_irqs: 48, preallocated irqs: 16" jailer=noop runtime=aws.firecracker vmID=e43b80c6-0176-4692-aab2-46e563db2d53 vmm_stream=stdout
time="2024-07-17T03:51:00.706361209Z" level=debug msg="[    0.004000] Console: colour dummy device 80x25" jailer=noop runtime=aws.firecracker vmID=e43b80c6-0176-4692-aab2-46e563db2d53 vmm_stream=stdout
time="2024-07-17T03:51:00.706913149Z" level=debug msg="[    0.004000] console [ttyS0] enabled" jailer=noop runtime=aws.firecracker vmID=e43b80c6-0176-4692-aab2-46e563db2d53 vmm_stream=stdout
time="2024-07-17T03:51:00.707661913Z" level=debug msg="[    0.004000] tsc: Detected 2594.098 MHz processor" jailer=noop runtime=aws.firecracker vmID=e43b80c6-0176-4692-aab2-46e563db2d53 vmm_stream=stdout
time="2024-07-17T03:51:00.708923811Z" level=debug msg="[    0.004000] Calibrating delay loop (skipped) preset value.. 5188.19 BogoMIPS (lpj=10376392)" jailer=noop runtime=aws.firecracker vmID=e43b80c6-0176-4692-aab2-46e563db2d53 vmm_stream=stdout
time="2024-07-17T03:51:00.709607393Z" level=debug msg="[    0.004000] pid_max: default: 32768 minimum: 301" jailer=noop runtime=aws.firecracker vmID=e43b80c6-0176-4692-aab2-46e563db2d53 vmm_stream=stdout
time="2024-07-17T03:51:00.710277355Z" level=debug msg="[    0.004000] Security Framework initialized" jailer=noop runtime=aws.firecracker vmID=e43b80c6-0176-4692-aab2-46e563db2d53 vmm_stream=stdout
time="2024-07-17T03:51:00.710787224Z" level=debug msg="[    0.004000] SELinux:  Initializing." jailer=noop runtime=aws.firecracker vmID=e43b80c6-0176-4692-aab2-46e563db2d53 vmm_stream=stdout
time="2024-07-17T03:51:00.711908599Z" level=debug msg="[    0.004000] Dentry cache hash table entries: 16384 (order: 5, 131072 bytes)" jailer=noop runtime=aws.firecracker vmID=e43b80c6-0176-4692-aab2-46e563db2d53 vmm_stream=stdout
time="2024-07-17T03:51:00.712910252Z" level=debug msg="[    0.004063] Inode-cache hash table entries: 8192 (order: 4, 65536 bytes)" jailer=noop runtime=aws.firecracker vmID=e43b80c6-0176-4692-aab2-46e563db2d53 vmm_stream=stdout
time="2024-07-17T03:51:00.713914292Z" level=debug msg="[    0.004989] Mount-cache hash table entries: 512 (order: 0, 4096 bytes)" jailer=noop runtime=aws.firecracker vmID=e43b80c6-0176-4692-aab2-46e563db2d53 vmm_stream=stdout
time="2024-07-17T03:51:00.714923215Z" level=debug msg="[    0.005986] Mountpoint-cache hash table entries: 512 (order: 0, 4096 bytes)" jailer=noop runtime=aws.firecracker vmID=e43b80c6-0176-4692-aab2-46e563db2d53 vmm_stream=stdout
time="2024-07-17T03:51:00.716498066Z" level=debug msg="[    0.008653] Last level iTLB entries: 4KB 512, 2MB 8, 4MB 8" jailer=noop runtime=aws.firecracker vmID=e43b80c6-0176-4692-aab2-46e563db2d53 vmm_stream=stdout
time="2024-07-17T03:51:00.717318657Z" level=debug msg="[    0.009514] Last level dTLB entries: 4KB 512, 2MB 32, 4MB 32, 1GB 0" jailer=noop runtime=aws.firecracker vmID=e43b80c6-0176-4692-aab2-46e563db2d53 vmm_stream=stdout
time="2024-07-17T03:51:00.718517170Z" level=debug msg="[    0.010338] Spectre V1 : Mitigation: usercopy/swapgs barriers and __user pointer sanitization" jailer=noop runtime=aws.firecracker vmID=e43b80c6-0176-4692-aab2-46e563db2d53 vmm_stream=stdout
time="2024-07-17T03:51:00.719234254Z" level=debug msg="[    0.011534] Spectre V2 : Mitigation: Full generic retpoline" jailer=noop runtime=aws.firecracker vmID=e43b80c6-0176-4692-aab2-46e563db2d53 vmm_stream=stdout
time="2024-07-17T03:51:00.720446072Z" level=debug msg="[    0.012007] Spectre V2 : Spectre v2 / SpectreRSB mitigation: Filling RSB on context switch" jailer=noop runtime=aws.firecracker vmID=e43b80c6-0176-4692-aab2-46e563db2d53 vmm_stream=stdout
time="2024-07-17T03:51:00.721349179Z" level=debug msg="[    0.013200] Spectre V2 : Enabling Restricted Speculation for firmware calls" jailer=noop runtime=aws.firecracker vmID=e43b80c6-0176-4692-aab2-46e563db2d53 vmm_stream=stdout
time="2024-07-17T03:51:00.722504154Z" level=debug msg="[    0.014114] Spectre V2 : mitigation: Enabling conditional Indirect Branch Prediction Barrier" jailer=noop runtime=aws.firecracker vmID=e43b80c6-0176-4692-aab2-46e563db2d53 vmm_stream=stdout
time="2024-07-17T03:51:00.723791301Z" level=debug msg="[    0.015262] Speculative Store Bypass: Mitigation: Speculative Store Bypass disabled via prctl and seccomp" jailer=noop runtime=aws.firecracker vmID=e43b80c6-0176-4692-aab2-46e563db2d53 vmm_stream=stdout
time="2024-07-17T03:51:00.724409141Z" level=debug msg="[    0.016067] MDS: Mitigation: Clear CPU buffers" jailer=noop runtime=aws.firecracker vmID=e43b80c6-0176-4692-aab2-46e563db2d53 vmm_stream=stdout
time="2024-07-17T03:51:00.738945331Z" level=debug msg="[    0.031347] Freeing SMP alternatives memory: 28K" jailer=noop runtime=aws.firecracker vmID=e43b80c6-0176-4692-aab2-46e563db2d53 vmm_stream=stdout
time="2024-07-17T03:51:00.740698463Z" level=debug msg="[    0.033118] smpboot: Max logical packages: 1" jailer=noop runtime=aws.firecracker vmID=e43b80c6-0176-4692-aab2-46e563db2d53 vmm_stream=stdout
time="2024-07-17T03:51:00.741711984Z" level=debug msg="[    0.033745] Not enabling interrupt remapping due to skipped IO-APIC setup" jailer=noop runtime=aws.firecracker vmID=e43b80c6-0176-4692-aab2-46e563db2d53 vmm_stream=stdout
time="2024-07-17T03:51:00.743316701Z" level=debug msg="[    0.034969] smpboot: CPU0: Intel(R) Xeon(R) Processor @ 2.60GHz (family: 0x6, model: 0x3f, stepping: 0x2)" jailer=noop runtime=aws.firecracker vmID=e43b80c6-0176-4692-aab2-46e563db2d53 vmm_stream=stdout
time="2024-07-17T03:51:00.744577696Z" level=debug msg="[    0.036000] Performance Events: unsupported p6 CPU model 63 no PMU driver, software events only." jailer=noop runtime=aws.firecracker vmID=e43b80c6-0176-4692-aab2-46e563db2d53 vmm_stream=stdout
time="2024-07-17T03:51:00.745291868Z" level=debug msg="[    0.036000] Hierarchical SRCU implementation." jailer=noop runtime=aws.firecracker vmID=e43b80c6-0176-4692-aab2-46e563db2d53 vmm_stream=stdout
time="2024-07-17T03:51:00.746355771Z" level=debug msg="[    0.036000] smp: Bringing up secondary CPUs ..." jailer=noop runtime=aws.firecracker vmID=e43b80c6-0176-4692-aab2-46e563db2d53 vmm_stream=stdout
time="2024-07-17T03:51:00.746937562Z" level=debug msg="[    0.036006] smp: Brought up 1 node, 1 CPU" jailer=noop runtime=aws.firecracker vmID=e43b80c6-0176-4692-aab2-46e563db2d53 vmm_stream=stdout
time="2024-07-17T03:51:00.747933785Z" level=debug msg="[    0.036575] smpboot: Total of 1 processors activated (5188.19 BogoMIPS)" jailer=noop runtime=aws.firecracker vmID=e43b80c6-0176-4692-aab2-46e563db2d53 vmm_stream=stdout
time="2024-07-17T03:51:00.748578429Z" level=debug msg="[    0.037709] devtmpfs: initialized" jailer=noop runtime=aws.firecracker vmID=e43b80c6-0176-4692-aab2-46e563db2d53 vmm_stream=stdout
time="2024-07-17T03:51:00.749273276Z" level=debug msg="[    0.038277] x86/mm: Memory block size: 128MB" jailer=noop runtime=aws.firecracker vmID=e43b80c6-0176-4692-aab2-46e563db2d53 vmm_stream=stdout
time="2024-07-17T03:51:00.750827228Z" level=debug msg="[    0.039159] clocksource: jiffies: mask: 0xffffffff max_cycles: 0xffffffff, max_idle_ns: 7645041785100000 ns" jailer=noop runtime=aws.firecracker vmID=e43b80c6-0176-4692-aab2-46e563db2d53 vmm_stream=stdout
time="2024-07-17T03:51:00.751752668Z" level=debug msg="[    0.040013] futex hash table entries: 256 (order: 2, 16384 bytes)" jailer=noop runtime=aws.firecracker vmID=e43b80c6-0176-4692-aab2-46e563db2d53 vmm_stream=stdout
time="2024-07-17T03:51:00.752525197Z" level=debug msg="[    0.041127] NET: Registered protocol family 16" jailer=noop runtime=aws.firecracker vmID=e43b80c6-0176-4692-aab2-46e563db2d53 vmm_stream=stdout
time="2024-07-17T03:51:00.753245460Z" level=debug msg="[    0.041882] cpuidle: using governor ladder" jailer=noop runtime=aws.firecracker vmID=e43b80c6-0176-4692-aab2-46e563db2d53 vmm_stream=stdout
time="2024-07-17T03:51:00.753797496Z" level=debug msg="[    0.042419] cpuidle: using governor menu" jailer=noop runtime=aws.firecracker vmID=e43b80c6-0176-4692-aab2-46e563db2d53 vmm_stream=stdout
time="2024-07-17T03:51:00.760033449Z" level=debug msg="[    0.048224] HugeTLB registered 2.00 MiB page size, pre-allocated 0 pages" jailer=noop runtime=aws.firecracker vmID=e43b80c6-0176-4692-aab2-46e563db2d53 vmm_stream=stdout
time="2024-07-17T03:51:00.760799717Z" level=debug msg="[    0.049419] SCSI subsystem initialized" jailer=noop runtime=aws.firecracker vmID=e43b80c6-0176-4692-aab2-46e563db2d53 vmm_stream=stdout
time="2024-07-17T03:51:00.761521685Z" level=debug msg="[    0.049970] pps_core: LinuxPPS API ver. 1 registered" jailer=noop runtime=aws.firecracker vmID=e43b80c6-0176-4692-aab2-46e563db2d53 vmm_stream=stdout
time="2024-07-17T03:51:00.762884199Z" level=debug msg="[    0.050678] pps_core: Software ver. 5.3.6 - Copyright 2005-2007 Rodolfo Giometti <giometti@linux.it>" jailer=noop runtime=aws.firecracker vmID=e43b80c6-0176-4692-aab2-46e563db2d53 vmm_stream=stdout
time="2024-07-17T03:51:00.763412282Z" level=debug msg="[    0.052015] PTP clock support registered" jailer=noop runtime=aws.firecracker vmID=e43b80c6-0176-4692-aab2-46e563db2d53 vmm_stream=stdout
time="2024-07-17T03:51:00.764046906Z" level=debug msg="[    0.052520] dmi: Firmware registration failed." jailer=noop runtime=aws.firecracker vmID=e43b80c6-0176-4692-aab2-46e563db2d53 vmm_stream=stdout
time="2024-07-17T03:51:00.764671604Z" level=debug msg="[    0.053260] NetLabel: Initializing" jailer=noop runtime=aws.firecracker vmID=e43b80c6-0176-4692-aab2-46e563db2d53 vmm_stream=stdout
time="2024-07-17T03:51:00.765284385Z" level=debug msg="[    0.053786] NetLabel:  domain hash size = 128" jailer=noop runtime=aws.firecracker vmID=e43b80c6-0176-4692-aab2-46e563db2d53 vmm_stream=stdout
time="2024-07-17T03:51:00.766136720Z" level=debug msg="[    0.054394] NetLabel:  protocols = UNLABELED CIPSOv4 CALIPSO" jailer=noop runtime=aws.firecracker vmID=e43b80c6-0176-4692-aab2-46e563db2d53 vmm_stream=stdout
time="2024-07-17T03:51:00.766939223Z" level=debug msg="[    0.055240] NetLabel:  unlabeled traffic allowed by default" jailer=noop runtime=aws.firecracker vmID=e43b80c6-0176-4692-aab2-46e563db2d53 vmm_stream=stdout
time="2024-07-17T03:51:00.768274744Z" level=debug msg="[    0.056497] clocksource: Switched to clocksource kvm-clock" jailer=noop runtime=aws.firecracker vmID=e43b80c6-0176-4692-aab2-46e563db2d53 vmm_stream=stdout
time="2024-07-17T03:51:00.768894728Z" level=debug msg="[    0.057372] VFS: Disk quotas dquot_6.6.0" jailer=noop runtime=aws.firecracker vmID=e43b80c6-0176-4692-aab2-46e563db2d53 vmm_stream=stdout
time="2024-07-17T03:51:00.769890678Z" level=debug msg="[    0.057970] VFS: Dquot-cache hash table entries: 512 (order 0, 4096 bytes)" jailer=noop runtime=aws.firecracker vmID=e43b80c6-0176-4692-aab2-46e563db2d53 vmm_stream=stdout
time="2024-07-17T03:51:00.772643105Z" level=debug msg="[    0.061004] NET: Registered protocol family 2" jailer=noop runtime=aws.firecracker vmID=e43b80c6-0176-4692-aab2-46e563db2d53 vmm_stream=stdout
time="2024-07-17T03:51:00.773786895Z" level=debug msg="[    0.061752] TCP established hash table entries: 1024 (order: 1, 8192 bytes)" jailer=noop runtime=aws.firecracker vmID=e43b80c6-0176-4692-aab2-46e563db2d53 vmm_stream=stdout
time="2024-07-17T03:51:00.774697596Z" level=debug msg="[    0.062784] TCP bind hash table entries: 1024 (order: 2, 16384 bytes)" jailer=noop runtime=aws.firecracker vmID=e43b80c6-0176-4692-aab2-46e563db2d53 vmm_stream=stdout
time="2024-07-17T03:51:00.775650308Z" level=debug msg="[    0.063686] TCP: Hash tables configured (established 1024 bind 1024)" jailer=noop runtime=aws.firecracker vmID=e43b80c6-0176-4692-aab2-46e563db2d53 vmm_stream=stdout
time="2024-07-17T03:51:00.776522626Z" level=debug msg="[    0.064671] UDP hash table entries: 256 (order: 1, 8192 bytes)" jailer=noop runtime=aws.firecracker vmID=e43b80c6-0176-4692-aab2-46e563db2d53 vmm_stream=stdout
time="2024-07-17T03:51:00.777433727Z" level=debug msg="[    0.065514] UDP-Lite hash table entries: 256 (order: 1, 8192 bytes)" jailer=noop runtime=aws.firecracker vmID=e43b80c6-0176-4692-aab2-46e563db2d53 vmm_stream=stdout
time="2024-07-17T03:51:00.778111419Z" level=debug msg="[    0.066452] NET: Registered protocol family 1" jailer=noop runtime=aws.firecracker vmID=e43b80c6-0176-4692-aab2-46e563db2d53 vmm_stream=stdout
time="2024-07-17T03:51:00.780470121Z" level=debug msg="[    0.068264] virtio-mmio: Registering device virtio-mmio.0 at 0xd0000000-0xd0000fff, IRQ 5." jailer=noop runtime=aws.firecracker vmID=e43b80c6-0176-4692-aab2-46e563db2d53 vmm_stream=stdout
time="2024-07-17T03:51:00.781731308Z" level=debug msg="[    0.069474] virtio-mmio: Registering device virtio-mmio.1 at 0xd0001000-0xd0001fff, IRQ 6." jailer=noop runtime=aws.firecracker vmID=e43b80c6-0176-4692-aab2-46e563db2d53 vmm_stream=stdout
time="2024-07-17T03:51:00.782846001Z" level=debug msg="[    0.070713] virtio-mmio: Registering device virtio-mmio.2 at 0xd0002000-0xd0002fff, IRQ 7." jailer=noop runtime=aws.firecracker vmID=e43b80c6-0176-4692-aab2-46e563db2d53 vmm_stream=stdout
time="2024-07-17T03:51:00.784035872Z" level=debug msg="[    0.071841] virtio-mmio: Registering device virtio-mmio.3 at 0xd0003000-0xd0003fff, IRQ 8." jailer=noop runtime=aws.firecracker vmID=e43b80c6-0176-4692-aab2-46e563db2d53 vmm_stream=stdout
time="2024-07-17T03:51:00.785523261Z" level=debug msg="[    0.073074] clocksource: tsc: mask: 0xffffffffffffffff max_cycles: 0x256474782b1, max_idle_ns: 440795239381 ns" jailer=noop runtime=aws.firecracker vmID=e43b80c6-0176-4692-aab2-46e563db2d53 vmm_stream=stdout
time="2024-07-17T03:51:00.786670713Z" level=debug msg="[    0.074529] platform rtc_cmos: registered platform RTC device (no PNP device found)" jailer=noop runtime=aws.firecracker vmID=e43b80c6-0176-4692-aab2-46e563db2d53 vmm_stream=stdout
time="2024-07-17T03:51:00.787892414Z" level=debug msg="[    0.075980] Scanning for low memory corruption every 60 seconds" jailer=noop runtime=aws.firecracker vmID=e43b80c6-0176-4692-aab2-46e563db2d53 vmm_stream=stdout
time="2024-07-17T03:51:00.788917505Z" level=debug msg="[    0.077122] audit: initializing netlink subsys (disabled)" jailer=noop runtime=aws.firecracker vmID=e43b80c6-0176-4692-aab2-46e563db2d53 vmm_stream=stdout
time="2024-07-17T03:51:00.789761696Z" level=debug msg="[    0.078205] Initialise system trusted keyrings" jailer=noop runtime=aws.firecracker vmID=e43b80c6-0176-4692-aab2-46e563db2d53 vmm_stream=stdout
time="2024-07-17T03:51:00.790309129Z" level=debug msg="[    0.078751] Key type blacklist registered" jailer=noop runtime=aws.firecracker vmID=e43b80c6-0176-4692-aab2-46e563db2d53 vmm_stream=stdout
time="2024-07-17T03:51:00.791590893Z" level=debug msg="[    0.079338] audit: type=2000 audit(1721188260.716:1): state=initialized audit_enabled=0 res=1" jailer=noop runtime=aws.firecracker vmID=e43b80c6-0176-4692-aab2-46e563db2d53 vmm_stream=stdout
time="2024-07-17T03:51:00.792690752Z" level=debug msg="[    0.080700] workingset: timestamp_bits=36 max_order=15 bucket_order=0" jailer=noop runtime=aws.firecracker vmID=e43b80c6-0176-4692-aab2-46e563db2d53 vmm_stream=stdout
time="2024-07-17T03:51:00.796198498Z" level=debug msg="[    0.084293] squashfs: version 4.0 (2009/01/31) Phillip Lougher" jailer=noop runtime=aws.firecracker vmID=e43b80c6-0176-4692-aab2-46e563db2d53 vmm_stream=stdout
time="2024-07-17T03:51:00.798016039Z" level=debug msg="[    0.086423] Key type asymmetric registered" jailer=noop runtime=aws.firecracker vmID=e43b80c6-0176-4692-aab2-46e563db2d53 vmm_stream=stdout
time="2024-07-17T03:51:00.798614960Z" level=debug msg="[    0.087000] Asymmetric key parser 'x509' registered" jailer=noop runtime=aws.firecracker vmID=e43b80c6-0176-4692-aab2-46e563db2d53 vmm_stream=stdout
time="2024-07-17T03:51:00.799649647Z" level=debug msg="[    0.087619] Block layer SCSI generic (bsg) driver version 0.4 loaded (major 252)" jailer=noop runtime=aws.firecracker vmID=e43b80c6-0176-4692-aab2-46e563db2d53 vmm_stream=stdout
time="2024-07-17T03:51:00.800566219Z" level=debug msg="[    0.088846] io scheduler noop registered (default)" jailer=noop runtime=aws.firecracker vmID=e43b80c6-0176-4692-aab2-46e563db2d53 vmm_stream=stdout
time="2024-07-17T03:51:00.801113889Z" level=debug msg="[    0.089587] io scheduler cfq registered" jailer=noop runtime=aws.firecracker vmID=e43b80c6-0176-4692-aab2-46e563db2d53 vmm_stream=stdout
time="2024-07-17T03:51:00.802744334Z" level=debug msg="[    0.090193] virtio-mmio virtio-mmio.0: Failed to enable 64-bit or 32-bit DMA.  Trying to continue, but this might not work." jailer=noop runtime=aws.firecracker vmID=e43b80c6-0176-4692-aab2-46e563db2d53 vmm_stream=stdout
time="2024-07-17T03:51:00.804567270Z" level=debug msg="[    0.091826] virtio-mmio virtio-mmio.1: Failed to enable 64-bit or 32-bit DMA.  Trying to continue, but this might not work." jailer=noop runtime=aws.firecracker vmID=e43b80c6-0176-4692-aab2-46e563db2d53 vmm_stream=stdout
time="2024-07-17T03:51:00.806214126Z" level=debug msg="[    0.093652] virtio-mmio virtio-mmio.2: Failed to enable 64-bit or 32-bit DMA.  Trying to continue, but this might not work." jailer=noop runtime=aws.firecracker vmID=e43b80c6-0176-4692-aab2-46e563db2d53 vmm_stream=stdout
time="2024-07-17T03:51:00.807912106Z" level=debug msg="[    0.095271] virtio-mmio virtio-mmio.3: Failed to enable 64-bit or 32-bit DMA.  Trying to continue, but this might not work." jailer=noop runtime=aws.firecracker vmID=e43b80c6-0176-4692-aab2-46e563db2d53 vmm_stream=stdout
time="2024-07-17T03:51:00.809192757Z" level=debug msg="[    0.097277] Serial: 8250/16550 driver, 1 ports, IRQ sharing disabled" jailer=noop runtime=aws.firecracker vmID=e43b80c6-0176-4692-aab2-46e563db2d53 vmm_stream=stdout
time="2024-07-17T03:51:00.832118580Z" level=debug msg="[    0.119875] serial8250: ttyS0 at I/O 0x3f8 (irq = 4, base_baud = 115200) is a U6_16550A" jailer=noop runtime=aws.firecracker vmID=e43b80c6-0176-4692-aab2-46e563db2d53 vmm_stream=stdout
time="2024-07-17T03:51:00.834473208Z" level=debug msg="[    0.122946] loop: module loaded" jailer=noop runtime=aws.firecracker vmID=e43b80c6-0176-4692-aab2-46e563db2d53 vmm_stream=stdout
time="2024-07-17T03:51:00.836487872Z" level=debug msg="[    0.124707] Loading iSCSI transport class v2.0-870." jailer=noop runtime=aws.firecracker vmID=e43b80c6-0176-4692-aab2-46e563db2d53 vmm_stream=stdout
time="2024-07-17T03:51:00.837421375Z" level=debug msg="[    0.125743] iscsi: registered transport (tcp)" jailer=noop runtime=aws.firecracker vmID=e43b80c6-0176-4692-aab2-46e563db2d53 vmm_stream=stdout
time="2024-07-17T03:51:00.838133711Z" level=debug msg="[    0.126409] tun: Universal TUN/TAP device driver, 1.6" jailer=noop runtime=aws.firecracker vmID=e43b80c6-0176-4692-aab2-46e563db2d53 vmm_stream=stdout
time="2024-07-17T03:51:00.846554553Z" level=debug msg="[    0.134394] i8042: Failed to disable AUX port, but continuing anyway... Is this a SiS?" jailer=noop runtime=aws.firecracker vmID=e43b80c6-0176-4692-aab2-46e563db2d53 vmm_stream=stdout
time="2024-07-17T03:51:00.847706079Z" level=debug msg="[    0.135531] i8042: If AUX port is really absent please use the 'i8042.noaux' option" jailer=noop runtime=aws.firecracker vmID=e43b80c6-0176-4692-aab2-46e563db2d53 vmm_stream=stdout
time="2024-07-17T03:51:01.128224405Z" level=debug msg="[    0.416353] serio: i8042 KBD port at 0x60,0x64 irq 1" jailer=noop runtime=aws.firecracker vmID=e43b80c6-0176-4692-aab2-46e563db2d53 vmm_stream=stdout
time="2024-07-17T03:51:01.129331049Z" level=debug msg="[    0.417514] hidraw: raw HID events driver (C) Jiri Kosina" jailer=noop runtime=aws.firecracker vmID=e43b80c6-0176-4692-aab2-46e563db2d53 vmm_stream=stdout
time="2024-07-17T03:51:01.130263027Z" level=debug msg="[    0.418375] nf_conntrack version 0.5.0 (1024 buckets, 4096 max)" jailer=noop runtime=aws.firecracker vmID=e43b80c6-0176-4692-aab2-46e563db2d53 vmm_stream=stdout
time="2024-07-17T03:51:01.131182640Z" level=debug msg="[    0.419374] ip_tables: (C) 2000-2006 Netfilter Core Team" jailer=noop runtime=aws.firecracker vmID=e43b80c6-0176-4692-aab2-46e563db2d53 vmm_stream=stdout
time="2024-07-17T03:51:01.131857895Z" level=debug msg="[    0.420246] Initializing XFRM netlink socket" jailer=noop runtime=aws.firecracker vmID=e43b80c6-0176-4692-aab2-46e563db2d53 vmm_stream=stdout
time="2024-07-17T03:51:01.132603242Z" level=debug msg="[    0.420937] NET: Registered protocol family 10" jailer=noop runtime=aws.firecracker vmID=e43b80c6-0176-4692-aab2-46e563db2d53 vmm_stream=stdout
time="2024-07-17T03:51:01.133711713Z" level=debug msg="[    0.422182] Segment Routing with IPv6" jailer=noop runtime=aws.firecracker vmID=e43b80c6-0176-4692-aab2-46e563db2d53 vmm_stream=stdout
time="2024-07-17T03:51:01.134362847Z" level=debug msg="[    0.422710] NET: Registered protocol family 17" jailer=noop runtime=aws.firecracker vmID=e43b80c6-0176-4692-aab2-46e563db2d53 vmm_stream=stdout
time="2024-07-17T03:51:01.134988648Z" level=debug msg="[    0.423360] Bridge firewalling registered" jailer=noop runtime=aws.firecracker vmID=e43b80c6-0176-4692-aab2-46e563db2d53 vmm_stream=stdout
time="2024-07-17T03:51:01.135752175Z" level=debug msg="[    0.424056] NET: Registered protocol family 40" jailer=noop runtime=aws.firecracker vmID=e43b80c6-0176-4692-aab2-46e563db2d53 vmm_stream=stdout
time="2024-07-17T03:51:01.137389124Z" level=debug msg="[    0.425365] sched_clock: Marking stable (424009141, 0)->(505146884, -81137743)" jailer=noop runtime=aws.firecracker vmID=e43b80c6-0176-4692-aab2-46e563db2d53 vmm_stream=stdout
time="2024-07-17T03:51:01.137662857Z" level=debug attempt=1 error="temporary vsock dial failure: vsock ack message failure: failed to read \"OK <port>\" within 1s: EOF" runtime=aws.firecracker vmID=e43b80c6-0176-4692-aab2-46e563db2d53
time="2024-07-17T03:51:01.138365564Z" level=debug msg="[    0.426749] registered taskstats version 1" jailer=noop runtime=aws.firecracker vmID=e43b80c6-0176-4692-aab2-46e563db2d53 vmm_stream=stdout
time="2024-07-17T03:51:01.139099177Z" level=debug msg="[    0.427382] Loading compiled-in X.509 certificates" jailer=noop runtime=aws.firecracker vmID=e43b80c6-0176-4692-aab2-46e563db2d53 vmm_stream=stdout
time="2024-07-17T03:51:01.139281804Z" level=debug attempt=2 error="temporary vsock dial failure: vsock ack message failure: failed to read \"OK <port>\" within 1s: EOF" runtime=aws.firecracker vmID=e43b80c6-0176-4692-aab2-46e563db2d53
time="2024-07-17T03:51:01.141489307Z" level=debug msg="[    0.429125] Loaded X.509 cert 'Build time autogenerated kernel key: e98e9d271da5d0a322cc4d7bfaa8c2c4c3e46010'" jailer=noop runtime=aws.firecracker vmID=e43b80c6-0176-4692-aab2-46e563db2d53 vmm_stream=stdout
time="2024-07-17T03:51:01.142113182Z" level=debug msg="[    0.430601] Key type encrypted registered" jailer=noop runtime=aws.firecracker vmID=e43b80c6-0176-4692-aab2-46e563db2d53 vmm_stream=stdout
time="2024-07-17T03:51:01.159746763Z" level=debug msg="[    0.448127] IP-Config: Complete:" jailer=noop runtime=aws.firecracker vmID=e43b80c6-0176-4692-aab2-46e563db2d53 vmm_stream=stdout
time="2024-07-17T03:51:01.161130987Z" level=debug msg="[    0.448725]      device=eth0, hwaddr=e6:2e:71:15:4e:94, ipaddr=192.168.1.3, mask=255.255.255.0, gw=192.168.1.1" jailer=noop runtime=aws.firecracker vmID=e43b80c6-0176-4692-aab2-46e563db2d53 vmm_stream=stdout
time="2024-07-17T03:51:01.161888286Z" level=debug msg="[    0.450116]      host=192.168.1.3, domain=, nis-domain=(none)" jailer=noop runtime=aws.firecracker vmID=e43b80c6-0176-4692-aab2-46e563db2d53 vmm_stream=stdout
time="2024-07-17T03:51:01.163023288Z" level=debug msg="[    0.450875]      bootserver=255.255.255.255, rootserver=255.255.255.255, rootpath=" jailer=noop runtime=aws.firecracker vmID=e43b80c6-0176-4692-aab2-46e563db2d53 vmm_stream=stdout
time="2024-07-17T03:51:01.215197644Z" level=debug attempt=3 error="temporary vsock dial failure: vsock ack message failure: failed to read \"OK <port>\" within 1s: EOF" runtime=aws.firecracker vmID=e43b80c6-0176-4692-aab2-46e563db2d53
time="2024-07-17T03:51:01.315492720Z" level=debug attempt=4 error="temporary vsock dial failure: vsock ack message failure: failed to read \"OK <port>\" within 1s: EOF" runtime=aws.firecracker vmID=e43b80c6-0176-4692-aab2-46e563db2d53
time="2024-07-17T03:51:01.415985052Z" level=debug attempt=5 error="temporary vsock dial failure: vsock ack message failure: failed to read \"OK <port>\" within 1s: EOF" runtime=aws.firecracker vmID=e43b80c6-0176-4692-aab2-46e563db2d53
time="2024-07-17T03:51:01.515423748Z" level=debug attempt=6 error="temporary vsock dial failure: vsock ack message failure: failed to read \"OK <port>\" within 1s: EOF" runtime=aws.firecracker vmID=e43b80c6-0176-4692-aab2-46e563db2d53
time="2024-07-17T03:51:01.615932287Z" level=debug attempt=7 error="temporary vsock dial failure: vsock ack message failure: failed to read \"OK <port>\" within 1s: EOF" runtime=aws.firecracker vmID=e43b80c6-0176-4692-aab2-46e563db2d53
time="2024-07-17T03:51:01.641509846Z" level=debug msg="[    0.929216] input: AT Raw Set 2 keyboard as /devices/platform/i8042/serio0/input/input0" jailer=noop runtime=aws.firecracker vmID=e43b80c6-0176-4692-aab2-46e563db2d53 vmm_stream=stdout
time="2024-07-17T03:51:01.643568178Z" level=debug msg="[    0.931494] VFS: Mounted root (squashfs filesystem) readonly on device 254:0." jailer=noop runtime=aws.firecracker vmID=e43b80c6-0176-4692-aab2-46e563db2d53 vmm_stream=stdout
time="2024-07-17T03:51:01.644376292Z" level=debug msg="[    0.932966] devtmpfs: mounted" jailer=noop runtime=aws.firecracker vmID=e43b80c6-0176-4692-aab2-46e563db2d53 vmm_stream=stdout
time="2024-07-17T03:51:01.645852550Z" level=debug msg="[    0.934145] Freeing unused kernel memory: 1324K" jailer=noop runtime=aws.firecracker vmID=e43b80c6-0176-4692-aab2-46e563db2d53 vmm_stream=stdout
time="2024-07-17T03:51:01.656064106Z" level=debug msg="[    0.944137] Write protecting the kernel read-only data: 12288k" jailer=noop runtime=aws.firecracker vmID=e43b80c6-0176-4692-aab2-46e563db2d53 vmm_stream=stdout
time="2024-07-17T03:51:01.657879684Z" level=debug msg="[    0.946171] Freeing unused kernel memory: 2016K" jailer=noop runtime=aws.firecracker vmID=e43b80c6-0176-4692-aab2-46e563db2d53 vmm_stream=stdout
time="2024-07-17T03:51:01.659793918Z" level=debug msg="[    0.948080] Freeing unused kernel memory: 568K" jailer=noop runtime=aws.firecracker vmID=e43b80c6-0176-4692-aab2-46e563db2d53 vmm_stream=stdout
time="2024-07-17T03:51:01.703621771Z" level=debug msg="[    0.992113] random: fast init done" jailer=noop runtime=aws.firecracker vmID=e43b80c6-0176-4692-aab2-46e563db2d53 vmm_stream=stdout
time="2024-07-17T03:51:01.715468301Z" level=debug attempt=8 error="temporary vsock dial failure: vsock ack message failure: failed to read \"OK <port>\" within 1s: EOF" runtime=aws.firecracker vmID=e43b80c6-0176-4692-aab2-46e563db2d53
time="2024-07-17T03:51:01.772621551Z" level=debug msg="SELinux:  Could not open policy file <= /etc/selinux/targeted/policy/policy.32:  No such file or directory" jailer=noop runtime=aws.firecracker vmID=e43b80c6-0176-4692-aab2-46e563db2d53 vmm_stream=stdout
time="2024-07-17T03:51:01.778245956Z" level=debug msg="[    1.066003] systemd[1]: Failed to look up module alias 'autofs4': Function not implemented" jailer=noop runtime=aws.firecracker vmID=e43b80c6-0176-4692-aab2-46e563db2d53 vmm_stream=stdout
time="2024-07-17T03:51:01.784205009Z" level=debug msg="[    1.069909] systemd[1]: systemd 247.3-7+deb11u4 running in system mode. (+PAM +AUDIT +SELINUX +IMA +APPARMOR +SMACK +SYSVINIT +UTMP +LIBCRYPTSETUP +GCRYPT +GNUTLS +ACL +XZ +LZ4 +ZSTD +SECCOMP +BLKID +ELFUTILS +KMOD +IDN2 -IDN +PCRE2 default-hierarchy=unified)" jailer=noop runtime=aws.firecracker vmID=e43b80c6-0176-4692-aab2-46e563db2d53 vmm_stream=stdout
time="2024-07-17T03:51:01.785074052Z" level=debug msg="[    1.073312] systemd[1]: Detected virtualization kvm." jailer=noop runtime=aws.firecracker vmID=e43b80c6-0176-4692-aab2-46e563db2d53 vmm_stream=stdout
time="2024-07-17T03:51:01.785818380Z" level=debug msg="[    1.074070] systemd[1]: Detected architecture x86-64." jailer=noop runtime=aws.firecracker vmID=e43b80c6-0176-4692-aab2-46e563db2d53 vmm_stream=stdout
time="2024-07-17T03:51:01.790401404Z" level=debug jailer=noop runtime=aws.firecracker vmID=e43b80c6-0176-4692-aab2-46e563db2d53 vmm_stream=stdout
time="2024-07-17T03:51:01.790808352Z" level=debug msg="Welcome to \x1b[1mDebian GNU/Linux 11 (bullseye)\x1b[0m!" jailer=noop runtime=aws.firecracker vmID=e43b80c6-0176-4692-aab2-46e563db2d53 vmm_stream=stdout
time="2024-07-17T03:51:01.790905730Z" level=debug jailer=noop runtime=aws.firecracker vmID=e43b80c6-0176-4692-aab2-46e563db2d53 vmm_stream=stdout
time="2024-07-17T03:51:01.791910484Z" level=debug msg="[    1.080175] systemd[1]: Set hostname to <microvm>." jailer=noop runtime=aws.firecracker vmID=e43b80c6-0176-4692-aab2-46e563db2d53 vmm_stream=stdout
time="2024-07-17T03:51:01.815576807Z" level=debug attempt=9 error="temporary vsock dial failure: vsock ack message failure: failed to read \"OK <port>\" within 1s: EOF" runtime=aws.firecracker vmID=e43b80c6-0176-4692-aab2-46e563db2d53
time="2024-07-17T03:51:01.910337819Z" level=debug msg="[    1.198118] systemd[1]: rom.mount: Unit is bound to inactive unit dev-vda.device. Stopping, too." jailer=noop runtime=aws.firecracker vmID=e43b80c6-0176-4692-aab2-46e563db2d53 vmm_stream=stdout
time="2024-07-17T03:51:01.911722162Z" level=debug msg="[    1.199663] systemd[1]: Queued start job for default target Firecracker containerd VM." jailer=noop runtime=aws.firecracker vmID=e43b80c6-0176-4692-aab2-46e563db2d53 vmm_stream=stdout
time="2024-07-17T03:51:01.915276665Z" level=debug attempt=10 error="temporary vsock dial failure: vsock ack message failure: failed to read \"OK <port>\" within 1s: EOF" runtime=aws.firecracker vmID=e43b80c6-0176-4692-aab2-46e563db2d53
time="2024-07-17T03:51:01.916829508Z" level=debug msg="[    1.204979] systemd[1]: Created slice system-modprobe.slice." jailer=noop runtime=aws.firecracker vmID=e43b80c6-0176-4692-aab2-46e563db2d53 vmm_stream=stdout
time="2024-07-17T03:51:01.917716409Z" level=debug msg="[\x1b[0;32m  OK  \x1b[0m] Created slice \x1b[0;1;39msystem-modprobe.slice\x1b[0m." jailer=noop runtime=aws.firecracker vmID=e43b80c6-0176-4692-aab2-46e563db2d53 vmm_stream=stdout
time="2024-07-17T03:51:01.919077727Z" level=debug msg="[    1.206861] systemd[1]: Started Dispatch Password Requests to Console Directory Watch." jailer=noop runtime=aws.firecracker vmID=e43b80c6-0176-4692-aab2-46e563db2d53 vmm_stream=stdout
time="2024-07-17T03:51:01.920163629Z" level=debug msg="[\x1b[0;32m  OK  \x1b[0m] Started \x1b[0;1;39mDispatch Password ts to Console Directory Watch\x1b[0m." jailer=noop runtime=aws.firecracker vmID=e43b80c6-0176-4692-aab2-46e563db2d53 vmm_stream=stdout
time="2024-07-17T03:51:01.921776728Z" level=debug msg="[    1.209248] systemd[1]: Starting of Arbitrary Executable File Formats File System Automount Point not supported." jailer=noop runtime=aws.firecracker vmID=e43b80c6-0176-4692-aab2-46e563db2d53 vmm_stream=stdout
time="2024-07-17T03:51:01.922778489Z" level=debug msg="[\x1b[0;1;38;5;185mUNSUPP\x1b[0m] Starting of \x1b[0;1;39mArbitrary ExecAutomount Point\x1b[0m not supported." jailer=noop runtime=aws.firecracker vmID=e43b80c6-0176-4692-aab2-46e563db2d53 vmm_stream=stdout
time="2024-07-17T03:51:01.923715536Z" level=debug msg="[    1.211857] systemd[1]: Reached target Local Encrypted Volumes." jailer=noop runtime=aws.firecracker vmID=e43b80c6-0176-4692-aab2-46e563db2d53 vmm_stream=stdout
time="2024-07-17T03:51:01.924608199Z" level=debug msg="[\x1b[0;32m  OK  \x1b[0m] Reached target \x1b[0;1;39mLocal Encrypted Volumes\x1b[0m." jailer=noop runtime=aws.firecracker vmID=e43b80c6-0176-4692-aab2-46e563db2d53 vmm_stream=stdout
time="2024-07-17T03:51:01.925355312Z" level=debug msg="[    1.213677] systemd[1]: Reached target Paths." jailer=noop runtime=aws.firecracker vmID=e43b80c6-0176-4692-aab2-46e563db2d53 vmm_stream=stdout
time="2024-07-17T03:51:01.926075554Z" level=debug msg="[\x1b[0;32m  OK  \x1b[0m] Reached target \x1b[0;1;39mPaths\x1b[0m." jailer=noop runtime=aws.firecracker vmID=e43b80c6-0176-4692-aab2-46e563db2d53 vmm_stream=stdout
time="2024-07-17T03:51:01.926793135Z" level=debug msg="[    1.215150] systemd[1]: Reached target Slices." jailer=noop runtime=aws.firecracker vmID=e43b80c6-0176-4692-aab2-46e563db2d53 vmm_stream=stdout
time="2024-07-17T03:51:01.927500658Z" level=debug msg="[\x1b[0;32m  OK  \x1b[0m] Reached target \x1b[0;1;39mSlices\x1b[0m." jailer=noop runtime=aws.firecracker vmID=e43b80c6-0176-4692-aab2-46e563db2d53 vmm_stream=stdout
time="2024-07-17T03:51:01.928209790Z" level=debug msg="[    1.216578] systemd[1]: Reached target Swap." jailer=noop runtime=aws.firecracker vmID=e43b80c6-0176-4692-aab2-46e563db2d53 vmm_stream=stdout
time="2024-07-17T03:51:01.928921015Z" level=debug msg="[\x1b[0;32m  OK  \x1b[0m] Reached target \x1b[0;1;39mSwap\x1b[0m." jailer=noop runtime=aws.firecracker vmID=e43b80c6-0176-4692-aab2-46e563db2d53 vmm_stream=stdout
time="2024-07-17T03:51:01.930036281Z" level=debug msg="[    1.218055] systemd[1]: Listening on initctl Compatibility Named Pipe." jailer=noop runtime=aws.firecracker vmID=e43b80c6-0176-4692-aab2-46e563db2d53 vmm_stream=stdout
time="2024-07-17T03:51:01.930978042Z" level=debug msg="[\x1b[0;32m  OK  \x1b[0m] Listening on \x1b[0;1;39minitctl Compatibility Named Pipe\x1b[0m." jailer=noop runtime=aws.firecracker vmID=e43b80c6-0176-4692-aab2-46e563db2d53 vmm_stream=stdout
time="2024-07-17T03:51:01.932174611Z" level=debug msg="[    1.220383] systemd[1]: Listening on Journal Audit Socket." jailer=noop runtime=aws.firecracker vmID=e43b80c6-0176-4692-aab2-46e563db2d53 vmm_stream=stdout
time="2024-07-17T03:51:01.932954655Z" level=debug msg="[\x1b[0;32m  OK  \x1b[0m] Listening on \x1b[0;1;39mJournal Audit Socket\x1b[0m." jailer=noop runtime=aws.firecracker vmID=e43b80c6-0176-4692-aab2-46e563db2d53 vmm_stream=stdout
time="2024-07-17T03:51:01.934063366Z" level=debug msg="[    1.222163] systemd[1]: Listening on Journal Socket (/dev/log)." jailer=noop runtime=aws.firecracker vmID=e43b80c6-0176-4692-aab2-46e563db2d53 vmm_stream=stdout
time="2024-07-17T03:51:01.934907806Z" level=debug msg="[\x1b[0;32m  OK  \x1b[0m] Listening on \x1b[0;1;39mJournal Socket (/dev/log)\x1b[0m." jailer=noop runtime=aws.firecracker vmID=e43b80c6-0176-4692-aab2-46e563db2d53 vmm_stream=stdout
time="2024-07-17T03:51:01.936209649Z" level=debug msg="[    1.224406] systemd[1]: Listening on udev Control Socket." jailer=noop runtime=aws.firecracker vmID=e43b80c6-0176-4692-aab2-46e563db2d53 vmm_stream=stdout
time="2024-07-17T03:51:01.936983791Z" level=debug msg="[\x1b[0;32m  OK  \x1b[0m] Listening on \x1b[0;1;39mudev Control Socket\x1b[0m." jailer=noop runtime=aws.firecracker vmID=e43b80c6-0176-4692-aab2-46e563db2d53 vmm_stream=stdout
time="2024-07-17T03:51:01.937921056Z" level=debug msg="[    1.226169] systemd[1]: Listening on udev Kernel Socket." jailer=noop runtime=aws.firecracker vmID=e43b80c6-0176-4692-aab2-46e563db2d53 vmm_stream=stdout
time="2024-07-17T03:51:01.938709709Z" level=debug msg="[\x1b[0;32m  OK  \x1b[0m] Listening on \x1b[0;1;39mudev Kernel Socket\x1b[0m." jailer=noop runtime=aws.firecracker vmID=e43b80c6-0176-4692-aab2-46e563db2d53 vmm_stream=stdout
time="2024-07-17T03:51:01.940226896Z" level=debug msg="[    1.228573] systemd[1]: Unmounting /rom..." jailer=noop runtime=aws.firecracker vmID=e43b80c6-0176-4692-aab2-46e563db2d53 vmm_stream=stdout
time="2024-07-17T03:51:01.940723033Z" level=debug msg="         Unmounting \x1b[0;1;39m/rom\x1b[0m..." jailer=noop runtime=aws.firecracker vmID=e43b80c6-0176-4692-aab2-46e563db2d53 vmm_stream=stdout
time="2024-07-17T03:51:01.943453964Z" level=debug msg="[    1.230983] systemd[532]: rom.mount: Failed to connect stdout to the journal socket, ignoring: No such file or directory" jailer=noop runtime=aws.firecracker vmID=e43b80c6-0176-4692-aab2-46e563db2d53 vmm_stream=stdout
time="2024-07-17T03:51:01.955264363Z" level=debug msg="[    1.243185] systemd[1]: rom.mount: Mount process exited, code=exited, status=32/n/a" jailer=noop runtime=aws.firecracker vmID=e43b80c6-0176-4692-aab2-46e563db2d53 vmm_stream=stdout
time="2024-07-17T03:51:01.955913812Z" level=debug msg="[    1.244290] systemd[1]: Failed unmounting /rom." jailer=noop runtime=aws.firecracker vmID=e43b80c6-0176-4692-aab2-46e563db2d53 vmm_stream=stdout
time="2024-07-17T03:51:01.956677368Z" level=debug msg="[\x1b[0;1;31mFAILED\x1b[0m] Failed unmounting \x1b[0;1;39m/rom\x1b[0m." jailer=noop runtime=aws.firecracker vmID=e43b80c6-0176-4692-aab2-46e563db2d53 vmm_stream=stdout
time="2024-07-17T03:51:01.958093254Z" level=debug msg="[    1.245764] systemd[1]: rom.mount: Unit is bound to inactive unit dev-vda.device. Stopping, too." jailer=noop runtime=aws.firecracker vmID=e43b80c6-0176-4692-aab2-46e563db2d53 vmm_stream=stdout
time="2024-07-17T03:51:01.959206270Z" level=debug msg="[    1.247568] systemd[1]: Unmounting /rom..." jailer=noop runtime=aws.firecracker vmID=e43b80c6-0176-4692-aab2-46e563db2d53 vmm_stream=stdout
time="2024-07-17T03:51:01.959774369Z" level=debug msg="         Unmounting \x1b[0;1;39m/rom\x1b[0m..." jailer=noop runtime=aws.firecracker vmID=e43b80c6-0176-4692-aab2-46e563db2d53 vmm_stream=stdout
time="2024-07-17T03:51:01.962139897Z" level=debug msg="[    1.249602] systemd[533]: rom.mount: Failed to connect stdout to the journal socket, ignoring: No such file or directory" jailer=noop runtime=aws.firecracker vmID=e43b80c6-0176-4692-aab2-46e563db2d53 vmm_stream=stdout
time="2024-07-17T03:51:01.965390892Z" level=debug msg="[    1.253207] systemd[1]: rom.mount: Mount process exited, code=exited, status=32/n/a" jailer=noop runtime=aws.firecracker vmID=e43b80c6-0176-4692-aab2-46e563db2d53 vmm_stream=stdout
time="2024-07-17T03:51:01.966070538Z" level=debug msg="[    1.254385] systemd[1]: Failed unmounting /rom." jailer=noop runtime=aws.firecracker vmID=e43b80c6-0176-4692-aab2-46e563db2d53 vmm_stream=stdout
time="2024-07-17T03:51:01.966861746Z" level=debug msg="[\x1b[0;1;31mFAILED\x1b[0m] Failed unmounting \x1b[0;1;39m/rom\x1b[0m." jailer=noop runtime=aws.firecracker vmID=e43b80c6-0176-4692-aab2-46e563db2d53 vmm_stream=stdout
time="2024-07-17T03:51:01.968245590Z" level=debug msg="[    1.255951] systemd[1]: rom.mount: Unit is bound to inactive unit dev-vda.device. Stopping, too." jailer=noop runtime=aws.firecracker vmID=e43b80c6-0176-4692-aab2-46e563db2d53 vmm_stream=stdout
time="2024-07-17T03:51:01.969382908Z" level=debug msg="[    1.257765] systemd[1]: Unmounting /rom..." jailer=noop runtime=aws.firecracker vmID=e43b80c6-0176-4692-aab2-46e563db2d53 vmm_stream=stdout
time="2024-07-17T03:51:01.969891695Z" level=debug msg="         Unmounting \x1b[0;1;39m/rom\x1b[0m..." jailer=noop runtime=aws.firecracker vmID=e43b80c6-0176-4692-aab2-46e563db2d53 vmm_stream=stdout
time="2024-07-17T03:51:01.972287590Z" level=debug msg="[    1.259654] systemd[534]: rom.mount: Failed to connect stdout to the journal socket, ignoring: No such file or directory" jailer=noop runtime=aws.firecracker vmID=e43b80c6-0176-4692-aab2-46e563db2d53 vmm_stream=stdout
time="2024-07-17T03:51:01.975371051Z" level=debug msg="[    1.263225] systemd[1]: rom.mount: Mount process exited, code=exited, status=32/n/a" jailer=noop runtime=aws.firecracker vmID=e43b80c6-0176-4692-aab2-46e563db2d53 vmm_stream=stdout
time="2024-07-17T03:51:01.976093988Z" level=debug msg="[    1.264436] systemd[1]: Failed unmounting /rom." jailer=noop runtime=aws.firecracker vmID=e43b80c6-0176-4692-aab2-46e563db2d53 vmm_stream=stdout
time="2024-07-17T03:51:01.976869165Z" level=debug msg="[\x1b[0;1;31mFAILED\x1b[0m] Failed unmounting \x1b[0;1;39m/rom\x1b[0m." jailer=noop runtime=aws.firecracker vmID=e43b80c6-0176-4692-aab2-46e563db2d53 vmm_stream=stdout
time="2024-07-17T03:51:01.978306793Z" level=debug msg="[    1.265969] systemd[1]: rom.mount: Unit is bound to inactive unit dev-vda.device. Stopping, too." jailer=noop runtime=aws.firecracker vmID=e43b80c6-0176-4692-aab2-46e563db2d53 vmm_stream=stdout
time="2024-07-17T03:51:01.979412180Z" level=debug msg="[    1.267771] systemd[1]: Unmounting /rom..." jailer=noop runtime=aws.firecracker vmID=e43b80c6-0176-4692-aab2-46e563db2d53 vmm_stream=stdout
time="2024-07-17T03:51:01.979997684Z" level=debug msg="         Unmounting \x1b[0;1;39m/rom\x1b[0m..." jailer=noop runtime=aws.firecracker vmID=e43b80c6-0176-4692-aab2-46e563db2d53 vmm_stream=stdout
time="2024-07-17T03:51:01.982374423Z" level=debug msg="[    1.269770] systemd[535]: rom.mount: Failed to connect stdout to the journal socket, ignoring: No such file or directory" jailer=noop runtime=aws.firecracker vmID=e43b80c6-0176-4692-aab2-46e563db2d53 vmm_stream=stdout
time="2024-07-17T03:51:01.985487568Z" level=debug msg="[    1.273340] systemd[1]: rom.mount: Mount process exited, code=exited, status=32/n/a" jailer=noop runtime=aws.firecracker vmID=e43b80c6-0176-4692-aab2-46e563db2d53 vmm_stream=stdout
time="2024-07-17T03:51:01.986098614Z" level=debug msg="[    1.274483] systemd[1]: Failed unmounting /rom." jailer=noop runtime=aws.firecracker vmID=e43b80c6-0176-4692-aab2-46e563db2d53 vmm_stream=stdout
time="2024-07-17T03:51:01.986875418Z" level=debug msg="[\x1b[0;1;31mFAILED\x1b[0m] Failed unmounting \x1b[0;1;39m/rom\x1b[0m." jailer=noop runtime=aws.firecracker vmID=e43b80c6-0176-4692-aab2-46e563db2d53 vmm_stream=stdout
time="2024-07-17T03:51:01.988164498Z" level=debug msg="[    1.275977] systemd[1]: rom.mount: Unit is bound to inactive unit dev-vda.device. Stopping, too." jailer=noop runtime=aws.firecracker vmID=e43b80c6-0176-4692-aab2-46e563db2d53 vmm_stream=stdout
time="2024-07-17T03:51:01.989308764Z" level=debug msg="[    1.277702] systemd[1]: Unmounting /rom..." jailer=noop runtime=aws.firecracker vmID=e43b80c6-0176-4692-aab2-46e563db2d53 vmm_stream=stdout
time="2024-07-17T03:51:01.989848133Z" level=debug msg="         Unmounting \x1b[0;1;39m/rom\x1b[0m..." jailer=noop runtime=aws.firecracker vmID=e43b80c6-0176-4692-aab2-46e563db2d53 vmm_stream=stdout
time="2024-07-17T03:51:01.992183809Z" level=debug msg="[    1.279594] systemd[536]: rom.mount: Failed to connect stdout to the journal socket, ignoring: No such file or directory" jailer=noop runtime=aws.firecracker vmID=e43b80c6-0176-4692-aab2-46e563db2d53 vmm_stream=stdout
time="2024-07-17T03:51:01.995305247Z" level=debug msg="[    1.283131] systemd[1]: rom.mount: Mount process exited, code=exited, status=32/n/a" jailer=noop runtime=aws.firecracker vmID=e43b80c6-0176-4692-aab2-46e563db2d53 vmm_stream=stdout
time="2024-07-17T03:51:01.996085291Z" level=debug msg="[    1.284368] systemd[1]: Failed unmounting /rom." jailer=noop runtime=aws.firecracker vmID=e43b80c6-0176-4692-aab2-46e563db2d53 vmm_stream=stdout
time="2024-07-17T03:51:01.996846999Z" level=debug msg="[\x1b[0;1;31mFAILED\x1b[0m] Failed unmounting \x1b[0;1;39m/rom\x1b[0m." jailer=noop runtime=aws.firecracker vmID=e43b80c6-0176-4692-aab2-46e563db2d53 vmm_stream=stdout
time="2024-07-17T03:51:01.998269770Z" level=debug msg="[    1.285940] systemd[1]: rom.mount: Unit is bound to inactive unit dev-vda.device. Stopping, too." jailer=noop runtime=aws.firecracker vmID=e43b80c6-0176-4692-aab2-46e563db2d53 vmm_stream=stdout
time="2024-07-17T03:51:01.999339610Z" level=debug msg="[    1.287739] systemd[1]: Unmounting /rom..." jailer=noop runtime=aws.firecracker vmID=e43b80c6-0176-4692-aab2-46e563db2d53 vmm_stream=stdout
time="2024-07-17T03:51:01.999920343Z" level=debug msg="         Unmounting \x1b[0;1;39m/rom\x1b[0m..." jailer=noop runtime=aws.firecracker vmID=e43b80c6-0176-4692-aab2-46e563db2d53 vmm_stream=stdout
time="2024-07-17T03:51:02.002166090Z" level=debug msg="[    1.289690] systemd[537]: rom.mount: Failed to connect stdout to the journal socket, ignoring: No such file or directory" jailer=noop runtime=aws.firecracker vmID=e43b80c6-0176-4692-aab2-46e563db2d53 vmm_stream=stdout
time="2024-07-17T03:51:02.005394828Z" level=debug msg="[    1.293271] systemd[1]: rom.mount: Mount process exited, code=exited, status=32/n/a" jailer=noop runtime=aws.firecracker vmID=e43b80c6-0176-4692-aab2-46e563db2d53 vmm_stream=stdout
time="2024-07-17T03:51:02.006076150Z" level=debug msg="[    1.294377] systemd[1]: Failed unmounting /rom." jailer=noop runtime=aws.firecracker vmID=e43b80c6-0176-4692-aab2-46e563db2d53 vmm_stream=stdout
time="2024-07-17T03:51:02.006882924Z" level=debug msg="[\x1b[0;1;31mFAILED\x1b[0m] Failed unmounting \x1b[0;1;39m/rom\x1b[0m." jailer=noop runtime=aws.firecracker vmID=e43b80c6-0176-4692-aab2-46e563db2d53 vmm_stream=stdout
time="2024-07-17T03:51:02.008290898Z" level=debug msg="[    1.295940] systemd[1]: rom.mount: Unit is bound to inactive unit dev-vda.device. Stopping, too." jailer=noop runtime=aws.firecracker vmID=e43b80c6-0176-4692-aab2-46e563db2d53 vmm_stream=stdout
time="2024-07-17T03:51:02.009427388Z" level=debug msg="[    1.297801] systemd[1]: Unmounting /rom..." jailer=noop runtime=aws.firecracker vmID=e43b80c6-0176-4692-aab2-46e563db2d53 vmm_stream=stdout
time="2024-07-17T03:51:02.009944182Z" level=debug msg="         Unmounting \x1b[0;1;39m/rom\x1b[0m..." jailer=noop runtime=aws.firecracker vmID=e43b80c6-0176-4692-aab2-46e563db2d53 vmm_stream=stdout
time="2024-07-17T03:51:02.012166337Z" level=debug msg="[    1.299732] systemd[538]: rom.mount: Failed to connect stdout to the journal socket, ignoring: No such file or directory" jailer=noop runtime=aws.firecracker vmID=e43b80c6-0176-4692-aab2-46e563db2d53 vmm_stream=stdout
time="2024-07-17T03:51:02.015250974Z" level=debug msg="[    1.303103] systemd[1]: rom.mount: Mount process exited, code=exited, status=32/n/a" jailer=noop runtime=aws.firecracker vmID=e43b80c6-0176-4692-aab2-46e563db2d53 vmm_stream=stdout
time="2024-07-17T03:51:02.015438705Z" level=debug attempt=11 error="temporary vsock dial failure: vsock ack message failure: failed to read \"OK <port>\" within 1s: EOF" runtime=aws.firecracker vmID=e43b80c6-0176-4692-aab2-46e563db2d53
time="2024-07-17T03:51:02.016118240Z" level=debug msg="[    1.304419] systemd[1]: Failed unmounting /rom." jailer=noop runtime=aws.firecracker vmID=e43b80c6-0176-4692-aab2-46e563db2d53 vmm_stream=stdout
time="2024-07-17T03:51:02.016913308Z" level=debug msg="[\x1b[0;1;31mFAILED\x1b[0m] Failed unmounting \x1b[0;1;39m/rom\x1b[0m." jailer=noop runtime=aws.firecracker vmID=e43b80c6-0176-4692-aab2-46e563db2d53 vmm_stream=stdout
time="2024-07-17T03:51:02.018333801Z" level=debug msg="[    1.306006] systemd[1]: rom.mount: Unit is bound to inactive unit dev-vda.device. Stopping, too." jailer=noop runtime=aws.firecracker vmID=e43b80c6-0176-4692-aab2-46e563db2d53 vmm_stream=stdout
time="2024-07-17T03:51:02.019468172Z" level=debug msg="[    1.307818] systemd[1]: Unmounting /rom..." jailer=noop runtime=aws.firecracker vmID=e43b80c6-0176-4692-aab2-46e563db2d53 vmm_stream=stdout
time="2024-07-17T03:51:02.020070209Z" level=debug msg="         Unmounting \x1b[0;1;39m/rom\x1b[0m..." jailer=noop runtime=aws.firecracker vmID=e43b80c6-0176-4692-aab2-46e563db2d53 vmm_stream=stdout
time="2024-07-17T03:51:02.022333328Z" level=debug msg="[    1.309859] systemd[539]: rom.mount: Failed to connect stdout to the journal socket, ignoring: No such file or directory" jailer=noop runtime=aws.firecracker vmID=e43b80c6-0176-4692-aab2-46e563db2d53 vmm_stream=stdout
time="2024-07-17T03:51:02.025459579Z" level=debug msg="[    1.313300] systemd[1]: rom.mount: Mount process exited, code=exited, status=32/n/a" jailer=noop runtime=aws.firecracker vmID=e43b80c6-0176-4692-aab2-46e563db2d53 vmm_stream=stdout
time="2024-07-17T03:51:02.026075998Z" level=debug msg="[    1.314458] systemd[1]: Failed unmounting /rom." jailer=noop runtime=aws.firecracker vmID=e43b80c6-0176-4692-aab2-46e563db2d53 vmm_stream=stdout
time="2024-07-17T03:51:02.026844913Z" level=debug msg="[\x1b[0;1;31mFAILED\x1b[0m] Failed unmounting \x1b[0;1;39m/rom\x1b[0m." jailer=noop runtime=aws.firecracker vmID=e43b80c6-0176-4692-aab2-46e563db2d53 vmm_stream=stdout
time="2024-07-17T03:51:02.028241054Z" level=debug msg="[    1.315939] systemd[1]: rom.mount: Unit is bound to inactive unit dev-vda.device. Stopping, too." jailer=noop runtime=aws.firecracker vmID=e43b80c6-0176-4692-aab2-46e563db2d53 vmm_stream=stdout
time="2024-07-17T03:51:02.029409325Z" level=debug msg="[    1.317776] systemd[1]: Unmounting /rom..." jailer=noop runtime=aws.firecracker vmID=e43b80c6-0176-4692-aab2-46e563db2d53 vmm_stream=stdout
time="2024-07-17T03:51:02.029932488Z" level=debug msg="         Unmounting \x1b[0;1;39m/rom\x1b[0m..." jailer=noop runtime=aws.firecracker vmID=e43b80c6-0176-4692-aab2-46e563db2d53 vmm_stream=stdout
time="2024-07-17T03:51:02.032294250Z" level=debug msg="[    1.319683] systemd[540]: rom.mount: Failed to connect stdout to the journal socket, ignoring: No such file or directory" jailer=noop runtime=aws.firecracker vmID=e43b80c6-0176-4692-aab2-46e563db2d53 vmm_stream=stdout
time="2024-07-17T03:51:02.035506666Z" level=debug msg="[    1.323322] systemd[1]: rom.mount: Mount process exited, code=exited, status=32/n/a" jailer=noop runtime=aws.firecracker vmID=e43b80c6-0176-4692-aab2-46e563db2d53 vmm_stream=stdout
time="2024-07-17T03:51:02.036278725Z" level=debug msg="[    1.324568] systemd[1]: Failed unmounting /rom." jailer=noop runtime=aws.firecracker vmID=e43b80c6-0176-4692-aab2-46e563db2d53 vmm_stream=stdout
time="2024-07-17T03:51:02.037053308Z" level=debug msg="[\x1b[0;1;31mFAILED\x1b[0m] Failed unmounting \x1b[0;1;39m/rom\x1b[0m." jailer=noop runtime=aws.firecracker vmID=e43b80c6-0176-4692-aab2-46e563db2d53 vmm_stream=stdout
time="2024-07-17T03:51:02.038459421Z" level=debug msg="[    1.326138] systemd[1]: rom.mount: Unit is bound to inactive unit dev-vda.device. Stopping, too." jailer=noop runtime=aws.firecracker vmID=e43b80c6-0176-4692-aab2-46e563db2d53 vmm_stream=stdout
time="2024-07-17T03:51:02.039566963Z" level=debug msg="[    1.327943] systemd[1]: Unmounting /rom..." jailer=noop runtime=aws.firecracker vmID=e43b80c6-0176-4692-aab2-46e563db2d53 vmm_stream=stdout
time="2024-07-17T03:51:02.040144663Z" level=debug msg="         Unmounting \x1b[0;1;39m/rom\x1b[0m..." jailer=noop runtime=aws.firecracker vmID=e43b80c6-0176-4692-aab2-46e563db2d53 vmm_stream=stdout
time="2024-07-17T03:51:02.042531345Z" level=debug msg="[    1.329902] systemd[541]: rom.mount: Failed to connect stdout to the journal socket, ignoring: No such file or directory" jailer=noop runtime=aws.firecracker vmID=e43b80c6-0176-4692-aab2-46e563db2d53 vmm_stream=stdout
time="2024-07-17T03:51:02.045671403Z" level=debug msg="[    1.333522] systemd[1]: rom.mount: Mount process exited, code=exited, status=32/n/a" jailer=noop runtime=aws.firecracker vmID=e43b80c6-0176-4692-aab2-46e563db2d53 vmm_stream=stdout
time="2024-07-17T03:51:02.046372581Z" level=debug msg="[    1.334673] systemd[1]: Failed unmounting /rom." jailer=noop runtime=aws.firecracker vmID=e43b80c6-0176-4692-aab2-46e563db2d53 vmm_stream=stdout
time="2024-07-17T03:51:02.047171432Z" level=debug msg="[\x1b[0;1;31mFAILED\x1b[0m] Failed unmounting \x1b[0;1;39m/rom\x1b[0m." jailer=noop runtime=aws.firecracker vmID=e43b80c6-0176-4692-aab2-46e563db2d53 vmm_stream=stdout
time="2024-07-17T03:51:02.048423463Z" level=debug msg="[    1.336304] systemd[1]: rom.mount: Unit is bound to inactive unit dev-vda.device. Stopping, too." jailer=noop runtime=aws.firecracker vmID=e43b80c6-0176-4692-aab2-46e563db2d53 vmm_stream=stdout
time="2024-07-17T03:51:02.049494620Z" level=debug msg="[    1.337889] systemd[1]: Unmounting /rom..." jailer=noop runtime=aws.firecracker vmID=e43b80c6-0176-4692-aab2-46e563db2d53 vmm_stream=stdout
time="2024-07-17T03:51:02.050012719Z" level=debug msg="         Unmounting \x1b[0;1;39m/rom\x1b[0m..." jailer=noop runtime=aws.firecracker vmID=e43b80c6-0176-4692-aab2-46e563db2d53 vmm_stream=stdout
time="2024-07-17T03:51:02.052243668Z" level=debug msg="[    1.339772] systemd[542]: rom.mount: Failed to connect stdout to the journal socket, ignoring: No such file or directory" jailer=noop runtime=aws.firecracker vmID=e43b80c6-0176-4692-aab2-46e563db2d53 vmm_stream=stdout
time="2024-07-17T03:51:02.055304021Z" level=debug msg="[    1.343183] systemd[1]: rom.mount: Mount process exited, code=exited, status=32/n/a" jailer=noop runtime=aws.firecracker vmID=e43b80c6-0176-4692-aab2-46e563db2d53 vmm_stream=stdout
time="2024-07-17T03:51:02.056001982Z" level=debug msg="[    1.344365] systemd[1]: Failed unmounting /rom." jailer=noop runtime=aws.firecracker vmID=e43b80c6-0176-4692-aab2-46e563db2d53 vmm_stream=stdout
time="2024-07-17T03:51:02.056776002Z" level=debug msg="[\x1b[0;1;31mFAILED\x1b[0m] Failed unmounting \x1b[0;1;39m/rom\x1b[0m." jailer=noop runtime=aws.firecracker vmID=e43b80c6-0176-4692-aab2-46e563db2d53 vmm_stream=stdout
time="2024-07-17T03:51:02.058179995Z" level=debug msg="[    1.345868] systemd[1]: rom.mount: Unit is bound to inactive unit dev-vda.device. Stopping, too." jailer=noop runtime=aws.firecracker vmID=e43b80c6-0176-4692-aab2-46e563db2d53 vmm_stream=stdout
time="2024-07-17T03:51:02.059228812Z" level=debug msg="[    1.347649] systemd[1]: Unmounting /rom..." jailer=noop runtime=aws.firecracker vmID=e43b80c6-0176-4692-aab2-46e563db2d53 vmm_stream=stdout
time="2024-07-17T03:51:02.059809115Z" level=debug msg="         Unmounting \x1b[0;1;39m/rom\x1b[0m..." jailer=noop runtime=aws.firecracker vmID=e43b80c6-0176-4692-aab2-46e563db2d53 vmm_stream=stdout
time="2024-07-17T03:51:02.062129473Z" level=debug msg="[    1.349563] systemd[543]: rom.mount: Failed to connect stdout to the journal socket, ignoring: No such file or directory" jailer=noop runtime=aws.firecracker vmID=e43b80c6-0176-4692-aab2-46e563db2d53 vmm_stream=stdout
time="2024-07-17T03:51:02.065225448Z" level=debug msg="[    1.353098] systemd[1]: rom.mount: Mount process exited, code=exited, status=32/n/a" jailer=noop runtime=aws.firecracker vmID=e43b80c6-0176-4692-aab2-46e563db2d53 vmm_stream=stdout
time="2024-07-17T03:51:02.065860561Z" level=debug msg="[    1.354224] systemd[1]: Failed unmounting /rom." jailer=noop runtime=aws.firecracker vmID=e43b80c6-0176-4692-aab2-46e563db2d53 vmm_stream=stdout
time="2024-07-17T03:51:02.066634285Z" level=debug msg="[\x1b[0;1;31mFAILED\x1b[0m] Failed unmounting \x1b[0;1;39m/rom\x1b[0m." jailer=noop runtime=aws.firecracker vmID=e43b80c6-0176-4692-aab2-46e563db2d53 vmm_stream=stdout
time="2024-07-17T03:51:02.067998151Z" level=debug msg="[    1.355713] systemd[1]: rom.mount: Unit is bound to inactive unit dev-vda.device. Stopping, too." jailer=noop runtime=aws.firecracker vmID=e43b80c6-0176-4692-aab2-46e563db2d53 vmm_stream=stdout
time="2024-07-17T03:51:02.069120138Z" level=debug msg="[    1.357528] systemd[1]: Unmounting /rom..." jailer=noop runtime=aws.firecracker vmID=e43b80c6-0176-4692-aab2-46e563db2d53 vmm_stream=stdout
time="2024-07-17T03:51:02.069625097Z" level=debug msg="         Unmounting \x1b[0;1;39m/rom\x1b[0m..." jailer=noop runtime=aws.firecracker vmID=e43b80c6-0176-4692-aab2-46e563db2d53 vmm_stream=stdout
time="2024-07-17T03:51:02.071923777Z" level=debug msg="[    1.359393] systemd[544]: rom.mount: Failed to connect stdout to the journal socket, ignoring: No such file or directory" jailer=noop runtime=aws.firecracker vmID=e43b80c6-0176-4692-aab2-46e563db2d53 vmm_stream=stdout
time="2024-07-17T03:51:02.074959216Z" level=debug msg="[    1.362884] systemd[1]: rom.mount: Mount process exited, code=exited, status=32/n/a" jailer=noop runtime=aws.firecracker vmID=e43b80c6-0176-4692-aab2-46e563db2d53 vmm_stream=stdout
time="2024-07-17T03:51:02.075630293Z" level=debug msg="[    1.363955] systemd[1]: Failed unmounting /rom." jailer=noop runtime=aws.firecracker vmID=e43b80c6-0176-4692-aab2-46e563db2d53 vmm_stream=stdout
time="2024-07-17T03:51:02.076488881Z" level=debug msg="[\x1b[0;1;31mFAILED\x1b[0m] Failed unmounting \x1b[0;1;39m/rom\x1b[0m." jailer=noop runtime=aws.firecracker vmID=e43b80c6-0176-4692-aab2-46e563db2d53 vmm_stream=stdout
time="2024-07-17T03:51:02.077881544Z" level=debug msg="[    1.365571] systemd[1]: rom.mount: Unit is bound to inactive unit dev-vda.device. Stopping, too." jailer=noop runtime=aws.firecracker vmID=e43b80c6-0176-4692-aab2-46e563db2d53 vmm_stream=stdout
time="2024-07-17T03:51:02.078999730Z" level=debug msg="[    1.367360] systemd[1]: Unmounting /rom..." jailer=noop runtime=aws.firecracker vmID=e43b80c6-0176-4692-aab2-46e563db2d53 vmm_stream=stdout
time="2024-07-17T03:51:02.079570376Z" level=debug msg="         Unmounting \x1b[0;1;39m/rom\x1b[0m..." jailer=noop runtime=aws.firecracker vmID=e43b80c6-0176-4692-aab2-46e563db2d53 vmm_stream=stdout
time="2024-07-17T03:51:02.081884329Z" level=debug msg="[    1.369350] systemd[545]: rom.mount: Failed to connect stdout to the journal socket, ignoring: No such file or directory" jailer=noop runtime=aws.firecracker vmID=e43b80c6-0176-4692-aab2-46e563db2d53 vmm_stream=stdout
time="2024-07-17T03:51:02.085020874Z" level=debug msg="[    1.372850] systemd[1]: rom.mount: Mount process exited, code=exited, status=32/n/a" jailer=noop runtime=aws.firecracker vmID=e43b80c6-0176-4692-aab2-46e563db2d53 vmm_stream=stdout
time="2024-07-17T03:51:02.085679950Z" level=debug msg="[    1.374021] systemd[1]: Failed unmounting /rom." jailer=noop runtime=aws.firecracker vmID=e43b80c6-0176-4692-aab2-46e563db2d53 vmm_stream=stdout
time="2024-07-17T03:51:02.086447762Z" level=debug msg="[\x1b[0;1;31mFAILED\x1b[0m] Failed unmounting \x1b[0;1;39m/rom\x1b[0m." jailer=noop runtime=aws.firecracker vmID=e43b80c6-0176-4692-aab2-46e563db2d53 vmm_stream=stdout
time="2024-07-17T03:51:02.087705459Z" level=debug msg="[    1.375541] systemd[1]: rom.mount: Unit is bound to inactive unit dev-vda.device. Stopping, too." jailer=noop runtime=aws.firecracker vmID=e43b80c6-0176-4692-aab2-46e563db2d53 vmm_stream=stdout
time="2024-07-17T03:51:02.088871650Z" level=debug msg="[    1.377227] systemd[1]: Unmounting /rom..." jailer=noop runtime=aws.firecracker vmID=e43b80c6-0176-4692-aab2-46e563db2d53 vmm_stream=stdout
time="2024-07-17T03:51:02.089416105Z" level=debug msg="         Unmounting \x1b[0;1;39m/rom\x1b[0m..." jailer=noop runtime=aws.firecracker vmID=e43b80c6-0176-4692-aab2-46e563db2d53 vmm_stream=stdout
time="2024-07-17T03:51:02.091762799Z" level=debug msg="[    1.379154] systemd[546]: rom.mount: Failed to connect stdout to the journal socket, ignoring: No such file or directory" jailer=noop runtime=aws.firecracker vmID=e43b80c6-0176-4692-aab2-46e563db2d53 vmm_stream=stdout
time="2024-07-17T03:51:02.094873470Z" level=debug msg="[    1.382708] systemd[1]: rom.mount: Mount process exited, code=exited, status=32/n/a" jailer=noop runtime=aws.firecracker vmID=e43b80c6-0176-4692-aab2-46e563db2d53 vmm_stream=stdout
time="2024-07-17T03:51:02.095572126Z" level=debug msg="[    1.383875] systemd[1]: Failed unmounting /rom." jailer=noop runtime=aws.firecracker vmID=e43b80c6-0176-4692-aab2-46e563db2d53 vmm_stream=stdout
time="2024-07-17T03:51:02.096395087Z" level=debug msg="[\x1b[0;1;31mFAILED\x1b[0m] Failed unmounting \x1b[0;1;39m/rom\x1b[0m." jailer=noop runtime=aws.firecracker vmID=e43b80c6-0176-4692-aab2-46e563db2d53 vmm_stream=stdout
time="2024-07-17T03:51:02.097712809Z" level=debug msg="[    1.385483] systemd[1]: rom.mount: Unit is bound to inactive unit dev-vda.device. Stopping, too." jailer=noop runtime=aws.firecracker vmID=e43b80c6-0176-4692-aab2-46e563db2d53 vmm_stream=stdout
time="2024-07-17T03:51:02.098822185Z" level=debug msg="[    1.387192] systemd[1]: Unmounting /rom..." jailer=noop runtime=aws.firecracker vmID=e43b80c6-0176-4692-aab2-46e563db2d53 vmm_stream=stdout
time="2024-07-17T03:51:02.099414201Z" level=debug msg="         Unmounting \x1b[0;1;39m/rom\x1b[0m..." jailer=noop runtime=aws.firecracker vmID=e43b80c6-0176-4692-aab2-46e563db2d53 vmm_stream=stdout
time="2024-07-17T03:51:02.101733989Z" level=debug msg="[    1.389176] systemd[547]: rom.mount: Failed to connect stdout to the journal socket, ignoring: No such file or directory" jailer=noop runtime=aws.firecracker vmID=e43b80c6-0176-4692-aab2-46e563db2d53 vmm_stream=stdout
time="2024-07-17T03:51:02.104839483Z" level=debug msg="[    1.392708] systemd[1]: rom.mount: Mount process exited, code=exited, status=32/n/a" jailer=noop runtime=aws.firecracker vmID=e43b80c6-0176-4692-aab2-46e563db2d53 vmm_stream=stdout
time="2024-07-17T03:51:02.105479567Z" level=debug msg="[    1.393838] systemd[1]: Failed unmounting /rom." jailer=noop runtime=aws.firecracker vmID=e43b80c6-0176-4692-aab2-46e563db2d53 vmm_stream=stdout
time="2024-07-17T03:51:02.106257020Z" level=debug msg="[\x1b[0;1;31mFAILED\x1b[0m] Failed unmounting \x1b[0;1;39m/rom\x1b[0m." jailer=noop runtime=aws.firecracker vmID=e43b80c6-0176-4692-aab2-46e563db2d53 vmm_stream=stdout
time="2024-07-17T03:51:02.108175494Z" level=debug msg="[    1.395351] systemd[1]: rom.mount: Unit is bound to inactive unit dev-vda.device, but not stopping since we tried this too often recently." jailer=noop runtime=aws.firecracker vmID=e43b80c6-0176-4692-aab2-46e563db2d53 vmm_stream=stdout
time="2024-07-17T03:51:02.109237574Z" level=debug msg="[    1.397476] systemd[1]: Listening on Journal Socket." jailer=noop runtime=aws.firecracker vmID=e43b80c6-0176-4692-aab2-46e563db2d53 vmm_stream=stdout
time="2024-07-17T03:51:02.110007506Z" level=debug msg="[\x1b[0;32m  OK  \x1b[0m] Listening on \x1b[0;1;39mJournal Socket\x1b[0m." jailer=noop runtime=aws.firecracker vmID=e43b80c6-0176-4692-aab2-46e563db2d53 vmm_stream=stdout
time="2024-07-17T03:51:02.110783855Z" level=debug msg="[    1.399100] systemd[1]: Reached target Sockets." jailer=noop runtime=aws.firecracker vmID=e43b80c6-0176-4692-aab2-46e563db2d53 vmm_stream=stdout
time="2024-07-17T03:51:02.111508772Z" level=debug msg="[\x1b[0;32m  OK  \x1b[0m] Reached target \x1b[0;1;39mSockets\x1b[0m." jailer=noop runtime=aws.firecracker vmID=e43b80c6-0176-4692-aab2-46e563db2d53 vmm_stream=stdout
time="2024-07-17T03:51:02.113352597Z" level=debug msg="[    1.401529] systemd[1]: Mounting Huge Pages File System..." jailer=noop runtime=aws.firecracker vmID=e43b80c6-0176-4692-aab2-46e563db2d53 vmm_stream=stdout
time="2024-07-17T03:51:02.113976422Z" level=debug msg="         Mounting \x1b[0;1;39mHuge Pages File System\x1b[0m..." jailer=noop runtime=aws.firecracker vmID=e43b80c6-0176-4692-aab2-46e563db2d53 vmm_stream=stdout
time="2024-07-17T03:51:02.116053375Z" level=debug msg="[    1.404156] systemd[1]: Mounting POSIX Message Queue File System..." jailer=noop runtime=aws.firecracker vmID=e43b80c6-0176-4692-aab2-46e563db2d53 vmm_stream=stdout
time="2024-07-17T03:51:02.116198770Z" level=debug attempt=12 error="temporary vsock dial failure: vsock ack message failure: failed to read \"OK <port>\" within 1s: EOF" runtime=aws.firecracker vmID=e43b80c6-0176-4692-aab2-46e563db2d53
time="2024-07-17T03:51:02.117556171Z" level=debug msg="         Mounting \x1b[0;1;39mPOSIX Message Queue File System\x1b[0m..." jailer=noop runtime=aws.firecracker vmID=e43b80c6-0176-4692-aab2-46e563db2d53 vmm_stream=stdout
time="2024-07-17T03:51:02.123563426Z" level=debug msg="[    1.411700] systemd[1]: Mounting Kernel Debug File System..." jailer=noop runtime=aws.firecracker vmID=e43b80c6-0176-4692-aab2-46e563db2d53 vmm_stream=stdout
time="2024-07-17T03:51:02.124893197Z" level=debug msg="         Mounting \x1b[0;1;39mKernel Debug File System\x1b[0m..." jailer=noop runtime=aws.firecracker vmID=e43b80c6-0176-4692-aab2-46e563db2d53 vmm_stream=stdout
time="2024-07-17T03:51:02.128667349Z" level=debug msg="[    1.415831] systemd[1]: Condition check resulted in Kernel Trace File System being skipped." jailer=noop runtime=aws.firecracker vmID=e43b80c6-0176-4692-aab2-46e563db2d53 vmm_stream=stdout
time="2024-07-17T03:51:02.129952136Z" level=debug msg="[    1.417207] systemd[1]: Condition check resulted in Create list of static device nodes for the current kernel being skipped." jailer=noop runtime=aws.firecracker vmID=e43b80c6-0176-4692-aab2-46e563db2d53 vmm_stream=stdout
time="2024-07-17T03:51:02.131928480Z" level=debug msg="[    1.420095] systemd[1]: Starting Load Kernel Module configfs..." jailer=noop runtime=aws.firecracker vmID=e43b80c6-0176-4692-aab2-46e563db2d53 vmm_stream=stdout
time="2024-07-17T03:51:02.132621226Z" level=debug msg="         Starting \x1b[0;1;39mLoad Kernel Module configfs\x1b[0m..." jailer=noop runtime=aws.firecracker vmID=e43b80c6-0176-4692-aab2-46e563db2d53 vmm_stream=stdout
time="2024-07-17T03:51:02.134394940Z" level=debug msg="[    1.422591] systemd[1]: Starting Load Kernel Module fuse..." jailer=noop runtime=aws.firecracker vmID=e43b80c6-0176-4692-aab2-46e563db2d53 vmm_stream=stdout
time="2024-07-17T03:51:02.135003379Z" level=debug msg="         Starting \x1b[0;1;39mLoad Kernel Module fuse\x1b[0m..." jailer=noop runtime=aws.firecracker vmID=e43b80c6-0176-4692-aab2-46e563db2d53 vmm_stream=stdout
time="2024-07-17T03:51:02.137761386Z" level=debug msg="[    1.425480] systemd[1]: Condition check resulted in Set Up Additional Binary Formats being skipped." jailer=noop runtime=aws.firecracker vmID=e43b80c6-0176-4692-aab2-46e563db2d53 vmm_stream=stdout
time="2024-07-17T03:51:02.147132280Z" level=debug msg="[    1.435406] systemd[1]: Starting Journal Service..." jailer=noop runtime=aws.firecracker vmID=e43b80c6-0176-4692-aab2-46e563db2d53 vmm_stream=stdout
time="2024-07-17T03:51:02.147809592Z" level=debug msg="         Starting \x1b[0;1;39mJournal Service\x1b[0m..." jailer=noop runtime=aws.firecracker vmID=e43b80c6-0176-4692-aab2-46e563db2d53 vmm_stream=stdout
time="2024-07-17T03:51:02.149914886Z" level=debug msg="[    1.438113] systemd[1]: Starting Load Kernel Modules..." jailer=noop runtime=aws.firecracker vmID=e43b80c6-0176-4692-aab2-46e563db2d53 vmm_stream=stdout
time="2024-07-17T03:51:02.150516491Z" level=debug msg="         Starting \x1b[0;1;39mLoad Kernel Modules\x1b[0m..." jailer=noop runtime=aws.firecracker vmID=e43b80c6-0176-4692-aab2-46e563db2d53 vmm_stream=stdout
